material processing	LABEL=MaterialProcessing	PATH=['MaterialProcessing']	SYNONYM=	PROPERTY=	ALTLABEL=
architectural organization	LABEL=ArchitecturalOrganization	PATH=['ArchitecturalOrganization']	SYNONYM=	PROPERTY=	ALTLABEL=
structural details	LABEL=ManufacturedObjectFeatures	PATH=['ManufacturedObjectFeatures']	SYNONYM=	PROPERTY=	ALTLABEL=
structure	LABEL=Structure	PATH=['Structure']	SYNONYM=	PROPERTY=	ALTLABEL=
biomaterial	LABEL=Biomaterial	PATH=['Biomaterial']	SYNONYM=	PROPERTY=	ALTLABEL=biomaterials
manufactured object	LABEL=ManufacturedObject	PATH=['ManufacturedObject']	SYNONYM=	PROPERTY=	ALTLABEL=
manufactured object component	LABEL=ManufacturedObjectComponent	PATH=['ManufacturedObjectComponent']	SYNONYM=	PROPERTY=	ALTLABEL=
biologically active substance	LABEL=BiologicallyActiveSubstance	PATH=['BiologicallyActiveSubstance']	SYNONYM=	PROPERTY=	ALTLABEL=
associated biological process	LABEL=AssociatedBiologicalProcess	PATH=['AssociatedBiologicalProcess']	SYNONYM=	PROPERTY=	ALTLABEL=ncit: c17828
study type	LABEL=StudyType	PATH=['StudyType']	SYNONYM=	PROPERTY=	ALTLABEL=
effect on biological system	LABEL=EffectOnBiologicalSystem	PATH=['EffectOnBiologicalSystem']	SYNONYM=	PROPERTY=	ALTLABEL=
medical application	LABEL=MedicalApplication	PATH=['MedicalApplication']	SYNONYM=	PROPERTY=	ALTLABEL=
manufactured object features	LABEL=ManufacturedObjectFeatures	PATH=['ManufacturedObjectFeatures']	SYNONYM=	PROPERTY=	ALTLABEL=
biomaterial type	LABEL=BiomaterialType	PATH=['BiomaterialType']	SYNONYM=	PROPERTY=	ALTLABEL=
surface	LABEL=ManufacturedObjectComponent	PATH=['ManufacturedObjectComponent']	SYNONYM=	PROPERTY=	ALTLABEL=
experimental scaffold	LABEL=ManufacturedObject	PATH=['ManufacturedObject']	SYNONYM=	PROPERTY=	ALTLABEL=scaffold
medical device	LABEL=ManufacturedObject	PATH=['ManufacturedObject']	SYNONYM=	PROPERTY=	ALTLABEL=
abdominal fascia closure	LABEL=MedicalApplication	PATH=['SurgicalProcedure', 'MedicalApplication']	SYNONYM=	PROPERTY=	ALTLABEL=
surgical procedure	LABEL=MedicalApplication	PATH=['MedicalApplication']	SYNONYM=	PROPERTY=	ALTLABEL=
abscesses	LABEL=AdverseEffects	PATH=['AdverseEffects']	SYNONYM=	PROPERTY=	ALTLABEL=
adverse effects	LABEL=AdverseEffects	PATH=['AdverseEffects']	SYNONYM=	PROPERTY=	ALTLABEL=adverseevent
absorption	LABEL=DegradationFeatures	PATH=['DegradationFeatures']	SYNONYM=	PROPERTY=absorbable	ALTLABEL=
degradation features	LABEL=DegradationFeatures	PATH=['DegradationFeatures']	SYNONYM=	PROPERTY=	ALTLABEL=
acellularity	LABEL=ManufacturedObjectFeatures	PATH=['OtherFeatures', 'ManufacturedObjectFeatures']	SYNONYM=	PROPERTY=acellular	ALTLABEL=
other features	LABEL=ManufacturedObjectFeatures	PATH=['ManufacturedObjectFeatures']	SYNONYM=	PROPERTY=	ALTLABEL=
adhesion formation	LABEL=AdverseEffects	PATH=['AdverseEffects']	SYNONYM=	PROPERTY=	ALTLABEL=
adipogenesis	LABEL=AssociatedBiologicalProcess	PATH=['AssociatedBiologicalProcess']	SYNONYM=	PROPERTY=	ALTLABEL=
adsorption	LABEL=MaterialProcessing	PATH=['Coating', 'MaterialProcessing']	SYNONYM=	PROPERTY=adsorbed	ALTLABEL=
coating	LABEL=MaterialProcessing	PATH=['MaterialProcessing']	SYNONYM=	PROPERTY=coated	ALTLABEL=
airway stenting	LABEL=MedicalApplication	PATH=['SurgicalProcedure', 'MedicalApplication']	SYNONYM=	PROPERTY=	ALTLABEL=
alginate	LABEL=Biomaterial	PATH=['Biomaterial']	SYNONYM=	PROPERTY=	ALTLABEL=
aligned	LABEL=ArchitecturalOrganization	PATH=['ArchitecturalOrganization']	SYNONYM=alignment	PROPERTY=	ALTLABEL=
alignment	LABEL=ArchitecturalOrganization	PATH=['ArchitecturalOrganization']	SYNONYM=	PROPERTY=	ALTLABEL=
alloy	LABEL=BiomaterialType	PATH=['BiomaterialType']	SYNONYM=	PROPERTY=	ALTLABEL=
aneurysm	LABEL=AdverseEffects	PATH=['AdverseEffects']	SYNONYM=	PROPERTY=	ALTLABEL=
aneurysm formation	LABEL=AdverseEffects	PATH=['AdverseEffects']	SYNONYM=	PROPERTY=	ALTLABEL=
angiogenesis	LABEL=AssociatedBiologicalProcess	PATH=['AssociatedBiologicalProcess']	SYNONYM=	PROPERTY=	ALTLABEL=
anisotropy	LABEL=ManufacturedObjectFeatures	PATH=['MechanicalProperty', 'ManufacturedObjectFeatures']	SYNONYM=	PROPERTY=	ALTLABEL=ncit: c17442
mechanical property	LABEL=ManufacturedObjectFeatures	PATH=['ManufacturedObjectFeatures']	SYNONYM=	PROPERTY=	ALTLABEL=mechanical properties
annealing	LABEL=MaterialProcessing	PATH=['MaterialProcessing']	SYNONYM=	PROPERTY=	ALTLABEL=
anti-adhesive	LABEL=ManufacturedObjectFeatures	PATH=['OtherFeatures', 'ManufacturedObjectFeatures']	SYNONYM=	PROPERTY=	ALTLABEL=
antibiotic eluting	LABEL=MedicalApplication	PATH=['DrugDelivery', 'MedicalApplication']	SYNONYM=	PROPERTY=	ALTLABEL=
drug delivery	LABEL=MedicalApplication	PATH=['MedicalApplication']	SYNONYM=	PROPERTY=	ALTLABEL=drug release
antibiotics	LABEL=BiologicallyActiveSubstance	PATH=['BiologicallyActiveSubstance']	SYNONYM=	PROPERTY=	ALTLABEL=
antimycotics	LABEL=BiologicallyActiveSubstance	PATH=['BiologicallyActiveSubstance']	SYNONYM=	PROPERTY=	ALTLABEL=
arthroplasty	LABEL=MedicalApplication	PATH=['TissueReconstruction', 'MedicalApplication']	SYNONYM=	PROPERTY=	ALTLABEL=
tissue reconstruction	LABEL=MedicalApplication	PATH=['MedicalApplication']	SYNONYM=	PROPERTY=	ALTLABEL=tissue augmentation
artificial organs	LABEL=MedicalApplication	PATH=['MedicalApplication']	SYNONYM=	PROPERTY=	ALTLABEL=
axonal growth	LABEL=AssociatedBiologicalProcess	PATH=['CellProliferation', 'AssociatedBiologicalProcess']	SYNONYM=	PROPERTY=	ALTLABEL=
cell proliferation	LABEL=AssociatedBiologicalProcess	PATH=['AssociatedBiologicalProcess']	SYNONYM=	PROPERTY=	ALTLABEL=
axonal regrowth	LABEL=AssociatedBiologicalProcess	PATH=['CellProliferation', 'AssociatedBiologicalProcess']	SYNONYM=	PROPERTY=	ALTLABEL=
BMP	LABEL=BiologicallyActiveSubstance	PATH=['BiologicallyActiveSubstance']	SYNONYM=	PROPERTY=	ALTLABEL=
beta glycerolphosphate	LABEL=BiologicallyActiveSubstance	PATH=['BiologicallyActiveSubstance']	SYNONYM=	PROPERTY=	ALTLABEL=
bi-layered	LABEL=ArchitecturalOrganization	PATH=['ArchitecturalOrganization']	SYNONYM=	PROPERTY=	ALTLABEL=
bilayer	LABEL=ArchitecturalOrganization	PATH=['ArchitecturalOrganization']	SYNONYM=	PROPERTY=	ALTLABEL=
bilayered	LABEL=ArchitecturalOrganization	PATH=['ArchitecturalOrganization']	SYNONYM=	PROPERTY=	ALTLABEL=
bioactivity	LABEL=EffectOnBiologicalSystem	PATH=['EffectOnBiologicalSystem']	SYNONYM=	PROPERTY=bioactive	ALTLABEL=
bioceramic	LABEL=BiomaterialType	PATH=['BiomaterialType']	SYNONYM=	PROPERTY=	ALTLABEL=
biocompatibility	LABEL=EffectOnBiologicalSystem	PATH=['EffectOnBiologicalSystem']	SYNONYM=	PROPERTY=biocompatible	ALTLABEL=
biocomposite	LABEL=BiomaterialType	PATH=['BiomaterialType']	SYNONYM=	PROPERTY=	ALTLABEL=
biodegradability	LABEL=DegradationFeatures	PATH=['DegradationFeatures']	SYNONYM=	PROPERTY=biodegradable	ALTLABEL=
biodegradation	LABEL=DegradationFeatures	PATH=['DegradationFeatures']	SYNONYM=	PROPERTY=	ALTLABEL=
biofabrication	LABEL=MaterialProcessing	PATH=['MaterialProcessing']	SYNONYM=	PROPERTY=	ALTLABEL=
biofunctionalization	LABEL=MaterialProcessing	PATH=['Functionalization', 'Coating', 'MaterialProcessing']	SYNONYM=	PROPERTY=biofunctional	ALTLABEL=
functionalization	LABEL=MaterialProcessing	PATH=['Coating', 'MaterialProcessing']	SYNONYM=	PROPERTY=funcionalized	ALTLABEL=
biohybrid	LABEL=ManufacturedObjectFeatures	PATH=['OtherFeatures', 'ManufacturedObjectFeatures']	SYNONYM=	PROPERTY=	ALTLABEL=
bioinertness	LABEL=EffectOnBiologicalSystem	PATH=['EffectOnBiologicalSystem']	SYNONYM=	PROPERTY=	ALTLABEL=
biomineralization	LABEL=AssociatedBiologicalProcess	PATH=['AssociatedBiologicalProcess']	SYNONYM=	PROPERTY=mineralized	ALTLABEL=
biopolymer	LABEL=BiomaterialType	PATH=['BiomaterialType']	SYNONYM=	PROPERTY=	ALTLABEL=
bioresorption	LABEL=DegradationFeatures	PATH=['DegradationFeatures']	SYNONYM=	PROPERTY=bioresorbable	ALTLABEL=
biostimulatory	LABEL=EffectOnBiologicalSystem	PATH=['EffectOnBiologicalSystem']	SYNONYM=	PROPERTY=	ALTLABEL=
blend	LABEL=BiomaterialType	PATH=['BiomaterialType']	SYNONYM=	PROPERTY=	ALTLABEL=
blending	LABEL=MaterialProcessing	PATH=['MaterialProcessing']	SYNONYM=	PROPERTY=blended	ALTLABEL=
block copolymer	LABEL=BiomaterialType	PATH=['Copolymer', 'BiomaterialType']	SYNONYM=	PROPERTY=	ALTLABEL=
copolymer	LABEL=BiomaterialType	PATH=['BiomaterialType']	SYNONYM=	PROPERTY=	ALTLABEL=
braiding	LABEL=MaterialProcessing	PATH=['MaterialProcessing']	SYNONYM=	PROPERTY=braided	ALTLABEL=
bulk modulus	LABEL=ManufacturedObjectFeatures	PATH=['MechanicalProperty', 'ManufacturedObjectFeatures']	SYNONYM=	PROPERTY=	ALTLABEL=bcteo:0000123
CPC	LABEL=Biomaterial	PATH=['Biomaterial']	SYNONYM=CalciumPhosphateCement	PROPERTY=	ALTLABEL=
calcium phosphate cement	LABEL=Biomaterial	PATH=['Biomaterial']	SYNONYM=	PROPERTY=	ALTLABEL=
cap coating	LABEL=MaterialProcessing	PATH=['Coating', 'MaterialProcessing']	SYNONYM=	PROPERTY=	ALTLABEL=
capsule	LABEL=Structure	PATH=['Structure']	SYNONYM=	PROPERTY=	ALTLABEL=
cartilage autograft implantation system	LABEL=ManufacturedObject	PATH=['MedicalDevice', 'ManufacturedObject']	SYNONYM=	PROPERTY=	ALTLABEL=
cell adhesion	LABEL=AssociatedBiologicalProcess	PATH=['AssociatedBiologicalProcess']	SYNONYM=	PROPERTY=	ALTLABEL=
cell attachment	LABEL=AssociatedBiologicalProcess	PATH=['AssociatedBiologicalProcess']	SYNONYM=cellular attachment	PROPERTY=	ALTLABEL=
cellular attachment	LABEL=AssociatedBiologicalProcess	PATH=['AssociatedBiologicalProcess']	SYNONYM=	PROPERTY=	ALTLABEL=
cell colonization	LABEL=AssociatedBiologicalProcess	PATH=['AssociatedBiologicalProcess']	SYNONYM=	PROPERTY=	ALTLABEL=
cell delivery	LABEL=MedicalApplication	PATH=['MedicalApplication']	SYNONYM=	PROPERTY=	ALTLABEL=
cell differentiation	LABEL=AssociatedBiologicalProcess	PATH=['AssociatedBiologicalProcess']	SYNONYM=differentiation	PROPERTY=	ALTLABEL=
differentiation	LABEL=AssociatedBiologicalProcess	PATH=['AssociatedBiologicalProcess']	SYNONYM=	PROPERTY=	ALTLABEL=
cell infiltration	LABEL=AssociatedBiologicalProcess	PATH=['AssociatedBiologicalProcess']	SYNONYM=	PROPERTY=	ALTLABEL=
cell motility	LABEL=AssociatedBiologicalProcess	PATH=['AssociatedBiologicalProcess']	SYNONYM=	PROPERTY=	ALTLABEL=
cell polarization	LABEL=AssociatedBiologicalProcess	PATH=['AssociatedBiologicalProcess']	SYNONYM=	PROPERTY=	ALTLABEL=
cell sheet	LABEL=ManufacturedObjectComponent	PATH=['ManufacturedObjectComponent']	SYNONYM=	PROPERTY=	ALTLABEL=
cell spreading	LABEL=AssociatedBiologicalProcess	PATH=['AssociatedBiologicalProcess']	SYNONYM=cellular spreading	PROPERTY=	ALTLABEL=
cellular spreading	LABEL=AssociatedBiologicalProcess	PATH=['AssociatedBiologicalProcess']	SYNONYM=	PROPERTY=	ALTLABEL=
cell viability	LABEL=AssociatedBiologicalProcess	PATH=['AssociatedBiologicalProcess']	SYNONYM=cellular viability	PROPERTY=	ALTLABEL=
cellular viability	LABEL=AssociatedBiologicalProcess	PATH=['AssociatedBiologicalProcess']	SYNONYM=	PROPERTY=	ALTLABEL=
cellular differentiation	LABEL=AssociatedBiologicalProcess	PATH=['AssociatedBiologicalProcess']	SYNONYM=	PROPERTY=	ALTLABEL=
ceramic	LABEL=BiomaterialType	PATH=['BiomaterialType']	SYNONYM=	PROPERTY=	ALTLABEL=
chemical formula	LABEL=ManufacturedObjectFeatures	PATH=['ChemicalProperty', 'ManufacturedObjectFeatures']	SYNONYM=	PROPERTY=	ALTLABEL=
chemical property	LABEL=ManufacturedObjectFeatures	PATH=['ManufacturedObjectFeatures']	SYNONYM=	PROPERTY=	ALTLABEL=
chemodrug delivery	LABEL=MedicalApplication	PATH=['DrugDelivery', 'MedicalApplication']	SYNONYM=	PROPERTY=	ALTLABEL=
chitosan	LABEL=Biomaterial	PATH=['Biomaterial']	SYNONYM=	PROPERTY=	ALTLABEL=
chondrocyte differentiation	LABEL=AssociatedBiologicalProcess	PATH=['CellDifferentiation', 'AssociatedBiologicalProcess']	SYNONYM=chondrogenic differentiation	PROPERTY=	ALTLABEL=
chondrogenic differentiation	LABEL=AssociatedBiologicalProcess	PATH=['CellDifferentiation', 'AssociatedBiologicalProcess']	SYNONYM=	PROPERTY=	ALTLABEL=
chronic inflammation	LABEL=AdverseEffects	PATH=['InflammatoryReaction', 'AdverseEffects']	SYNONYM=	PROPERTY=	ALTLABEL=
inflammatory reaction	LABEL=AdverseEffects	PATH=['AdverseEffects']	SYNONYM=	PROPERTY=	ALTLABEL=inflammatoryresponse
circular	LABEL=Shape	PATH=['Shape']	SYNONYM=	PROPERTY=	ALTLABEL=
shape	LABEL=Shape	PATH=['Shape']	SYNONYM=	PROPERTY=	ALTLABEL=
clinical study	LABEL=StudyType	PATH=['StudyType']	SYNONYM=	PROPERTY=	ALTLABEL=
coat	LABEL=ManufacturedObjectComponent	PATH=['ManufacturedObjectComponent']	SYNONYM=	PROPERTY=	ALTLABEL=
collagen	LABEL=BiologicallyActiveSubstance	PATH=['BiologicallyActiveSubstance']	SYNONYM=	PROPERTY=	ALTLABEL=
collagen deposition	LABEL=AssociatedBiologicalProcess	PATH=['AssociatedBiologicalProcess']	SYNONYM=	PROPERTY=	ALTLABEL=
collagen secretion	LABEL=AssociatedBiologicalProcess	PATH=['AssociatedBiologicalProcess']	SYNONYM=	PROPERTY=	ALTLABEL=
colloid	LABEL=Structure	PATH=['Structure']	SYNONYM=	PROPERTY=	ALTLABEL=
colonic surgery	LABEL=MedicalApplication	PATH=['SurgicalProcedure', 'MedicalApplication']	SYNONYM=	PROPERTY=	ALTLABEL=
comparative	LABEL=StudyType	PATH=['StudyType']	SYNONYM=	PROPERTY=	ALTLABEL=
complications	LABEL=AdverseEffects	PATH=['AdverseEffects']	SYNONYM=	PROPERTY=	ALTLABEL=
composite	LABEL=BiomaterialType	PATH=['BiomaterialType']	SYNONYM=	PROPERTY=	ALTLABEL=
composite graft	LABEL=ManufacturedObject	PATH=['SurgicalImplant', 'ManufacturedObject']	SYNONYM=	PROPERTY=	ALTLABEL=
surgical implant	LABEL=ManufacturedObject	PATH=['ManufacturedObject']	SYNONYM=	PROPERTY=	ALTLABEL=implant
compressive modulus	LABEL=ManufacturedObjectFeatures	PATH=['MechanicalProperty', 'ManufacturedObjectFeatures']	SYNONYM=	PROPERTY=	ALTLABEL=
compressive strength	LABEL=ManufacturedObjectFeatures	PATH=['MechanicalProperty', 'ManufacturedObjectFeatures']	SYNONYM=	PROPERTY=	ALTLABEL=
computational	LABEL=StudyType	PATH=['StudyType']	SYNONYM=	PROPERTY=	ALTLABEL=
conditioning	LABEL=MaterialProcessing	PATH=['MaterialProcessing']	SYNONYM=	PROPERTY=conditioned	ALTLABEL=
conductivity	LABEL=ManufacturedObjectFeatures	PATH=['PhysicalProperty', 'ManufacturedObjectFeatures']	SYNONYM=	PROPERTY=conductive	ALTLABEL=
physical property	LABEL=ManufacturedObjectFeatures	PATH=['ManufacturedObjectFeatures']	SYNONYM=	PROPERTY=	ALTLABEL=
contaminated wound	LABEL=AdverseEffects	PATH=['AdverseEffects']	SYNONYM=	PROPERTY=	ALTLABEL=
continuous suture	LABEL=ManufacturedObject	PATH=['SurgicalImplant', 'ManufacturedObject']	SYNONYM=	PROPERTY=	ALTLABEL=
core	LABEL=ManufacturedObjectComponent	PATH=['ManufacturedObjectComponent']	SYNONYM=	PROPERTY=	ALTLABEL=
crosslinking	LABEL=MaterialProcessing	PATH=['MaterialProcessing']	SYNONYM=	PROPERTY=crosslinked	ALTLABEL=
cruciate ligament reconstruction	LABEL=MedicalApplication	PATH=['TissueReconstruction', 'MedicalApplication']	SYNONYM=	PROPERTY=	ALTLABEL=
cryogel	LABEL=Structure	PATH=['Structure']	SYNONYM=	PROPERTY=	ALTLABEL=
cryomilling	LABEL=MaterialProcessing	PATH=['MaterialProcessing']	SYNONYM=	PROPERTY=	ALTLABEL=
crystal structure	LABEL=ManufacturedObjectFeatures	PATH=['ChemicalProperty', 'ManufacturedObjectFeatures']	SYNONYM=	PROPERTY=	ALTLABEL=
crystallinity	LABEL=ManufacturedObjectFeatures	PATH=['ChemicalProperty', 'ManufacturedObjectFeatures']	SYNONYM=	PROPERTY=	ALTLABEL=
cube	LABEL=Shape	PATH=['Shape']	SYNONYM=	PROPERTY=	ALTLABEL=
custom made	LABEL=ManufacturedObjectFeatures	PATH=['OtherFeatures', 'ManufacturedObjectFeatures']	SYNONYM=	PROPERTY=	ALTLABEL=
cylinder	LABEL=Shape	PATH=['Shape']	SYNONYM=cylindrical	PROPERTY=	ALTLABEL=
cylindrical	LABEL=Shape	PATH=['Shape']	SYNONYM=	PROPERTY=	ALTLABEL=
cytocompatibility	LABEL=EffectOnBiologicalSystem	PATH=['EffectOnBiologicalSystem']	SYNONYM=	PROPERTY=cytocompatible	ALTLABEL=
cytotoxicity	LABEL=AdverseEffects	PATH=['AdverseEffects']	SYNONYM=	PROPERTY=cytotoxic	ALTLABEL=
dacron	LABEL=Biomaterial	PATH=['Biomaterial']	SYNONYM=polyethylene terephthalate	PROPERTY=	ALTLABEL=
polyethylene terephthalate	LABEL=Biomaterial	PATH=['Biomaterial']	SYNONYM=	PROPERTY=	ALTLABEL=
decellularization	LABEL=MaterialProcessing	PATH=['MaterialProcessing']	SYNONYM=	PROPERTY=decellularized	ALTLABEL=
decellularized matrix	LABEL=BiomaterialType	PATH=['BiomaterialType']	SYNONYM=	PROPERTY=	ALTLABEL=
deformation	LABEL=ManufacturedObjectFeatures	PATH=['MechanicalProperty', 'ManufacturedObjectFeatures']	SYNONYM=	PROPERTY=	ALTLABEL=
degradability	LABEL=DegradationFeatures	PATH=['DegradationFeatures']	SYNONYM=	PROPERTY=degradable	ALTLABEL=
degradation	LABEL=DegradationFeatures	PATH=['DegradationFeatures']	SYNONYM=	PROPERTY=	ALTLABEL=
degradation rate	LABEL=DegradationFeatures	PATH=['DegradationFeatures']	SYNONYM=	PROPERTY=	ALTLABEL=
degradation resistance	LABEL=DegradationFeatures	PATH=['DegradationFeatures']	SYNONYM=	PROPERTY=	ALTLABEL=
delayed resoption	LABEL=DegradationFeatures	PATH=['DegradationFeatures']	SYNONYM=	PROPERTY=	ALTLABEL=
Density	LABEL=ManufacturedObjectFeatures	PATH=['MechanicalProperty', 'ManufacturedObjectFeatures']	SYNONYM=	PROPERTY=	ALTLABEL=OPB:00546
deposition	LABEL=MaterialProcessing	PATH=['Coating', 'MaterialProcessing']	SYNONYM=	PROPERTY=	ALTLABEL=
Dexon	LABEL=Biomaterial	PATH=['Biomaterial']	SYNONYM=PGA	PROPERTY=	ALTLABEL=
PGA	LABEL=Biomaterial	PATH=['Biomaterial']	SYNONYM=PolyglicolicAcid	PROPERTY=	ALTLABEL=
diameter	LABEL=ManufacturedObjectFeatures	PATH=['PhysicalProperty', 'ManufacturedObjectFeatures']	SYNONYM=	PROPERTY=	ALTLABEL=
digestive surgery	LABEL=MedicalApplication	PATH=['SurgicalProcedure', 'MedicalApplication']	SYNONYM=	PROPERTY=	ALTLABEL=
disk	LABEL=Shape	PATH=['Shape']	SYNONYM=	PROPERTY=	ALTLABEL=
distensibility	LABEL=ManufacturedObjectFeatures	PATH=['MechanicalProperty', 'ManufacturedObjectFeatures']	SYNONYM=	PROPERTY=	ALTLABEL=
doping	LABEL=MaterialProcessing	PATH=['MaterialProcessing']	SYNONYM=	PROPERTY=	ALTLABEL=
ductility	LABEL=ManufacturedObjectFeatures	PATH=['MechanicalProperty', 'ManufacturedObjectFeatures']	SYNONYM=	PROPERTY=	ALTLABEL=
EPTFE	LABEL=Biomaterial	PATH=['Biomaterial']	SYNONYM=	PROPERTY=	ALTLABEL=
edema	LABEL=AdverseEffects	PATH=['AdverseEffects']	SYNONYM=oedema	PROPERTY=	ALTLABEL=
oedema	LABEL=AdverseEffects	PATH=['AdverseEffects']	SYNONYM=	PROPERTY=	ALTLABEL=
electrospinning	LABEL=MaterialProcessing	PATH=['MaterialProcessing']	SYNONYM=	PROPERTY=electrospun	ALTLABEL=
electrospraying	LABEL=MaterialProcessing	PATH=['MaterialProcessing']	SYNONYM=	PROPERTY=	ALTLABEL=
encapsulation	LABEL=MedicalApplication	PATH=['MedicalApplication']	SYNONYM=	PROPERTY=	ALTLABEL=
endothelial differentiation	LABEL=AssociatedBiologicalProcess	PATH=['CellDifferentiation', 'AssociatedBiologicalProcess']	SYNONYM=	PROPERTY=	ALTLABEL=
endothelialization	LABEL=AssociatedBiologicalProcess	PATH=['AssociatedBiologicalProcess']	SYNONYM=	PROPERTY=	ALTLABEL=
engraftment	LABEL=AssociatedBiologicalProcess	PATH=['AssociatedBiologicalProcess']	SYNONYM=	PROPERTY=	ALTLABEL=
epithelialization	LABEL=AssociatedBiologicalProcess	PATH=['AssociatedBiologicalProcess']	SYNONYM=	PROPERTY=	ALTLABEL=
etching	LABEL=MaterialProcessing	PATH=['MaterialProcessing']	SYNONYM=	PROPERTY=etched	ALTLABEL=
ex vivo	LABEL=StudyType	PATH=['StudyType']	SYNONYM=	PROPERTY=	ALTLABEL=
extrusion	LABEL=MaterialProcessing	PATH=['MaterialProcessing']	SYNONYM=	PROPERTY=extruded	ALTLABEL=
femoro popliteal bypass	LABEL=MedicalApplication	PATH=['SurgicalProcedure', 'MedicalApplication']	SYNONYM=	PROPERTY=	ALTLABEL=
fiber	LABEL=Structure	PATH=['Structure']	SYNONYM=fibre	PROPERTY=fibrous	ALTLABEL=fibers
fibre	LABEL=Structure	PATH=['Structure']	SYNONYM=	PROPERTY=	ALTLABEL=fibres
fiber alignment	LABEL=ArchitecturalOrganization	PATH=['Alignment', 'ArchitecturalOrganization']	SYNONYM=	PROPERTY=	ALTLABEL=
fibroblast infiltration	LABEL=AssociatedBiologicalProcess	PATH=['CellInfiltration', 'AssociatedBiologicalProcess']	SYNONYM=	PROPERTY=	ALTLABEL=
fibroin	LABEL=Biomaterial	PATH=['Silk', 'Biomaterial']	SYNONYM=	PROPERTY=	ALTLABEL=
silk	LABEL=Biomaterial	PATH=['Biomaterial']	SYNONYM=	PROPERTY=	ALTLABEL=
fibrotic reaction	LABEL=AdverseEffects	PATH=['AdverseEffects']	SYNONYM=	PROPERTY=	ALTLABEL=
filament	LABEL=Structure	PATH=['Structure']	SYNONYM=	PROPERTY=	ALTLABEL=
film	LABEL=Structure	PATH=['Structure']	SYNONYM=	PROPERTY=	ALTLABEL=
flexibility	LABEL=ManufacturedObjectFeatures	PATH=['MechanicalProperty', 'ManufacturedObjectFeatures']	SYNONYM=	PROPERTY=flexible	ALTLABEL=
foam	LABEL=Structure	PATH=['Structure']	SYNONYM=	PROPERTY=	ALTLABEL=
foaming	LABEL=MaterialProcessing	PATH=['MaterialProcessing']	SYNONYM=	PROPERTY=foamed	ALTLABEL=
foil	LABEL=Structure	PATH=['Structure']	SYNONYM=	PROPERTY=	ALTLABEL=
foreign body reaction	LABEL=EffectOnBiologicalSystem	PATH=['EffectOnBiologicalSystem']	SYNONYM=	PROPERTY=	ALTLABEL=
foreign body response	LABEL=AdverseEffects	PATH=['AdverseEffects']	SYNONYM=	PROPERTY=	ALTLABEL=
formation of adhesions	LABEL=AdverseEffects	PATH=['AdverseEffects']	SYNONYM=	PROPERTY=	ALTLABEL=
fragmentation	LABEL=DegradationFeatures	PATH=['DegradationFeatures']	SYNONYM=	PROPERTY=	ALTLABEL=
gel	LABEL=Structure	PATH=['Structure']	SYNONYM=	PROPERTY=	ALTLABEL=
gelation	LABEL=MaterialProcessing	PATH=['MaterialProcessing']	SYNONYM=	PROPERTY=	ALTLABEL=
gelling	LABEL=MaterialProcessing	PATH=['MaterialProcessing']	SYNONYM=	PROPERTY=	ALTLABEL=
geometry	LABEL=ManufacturedObjectFeatures	PATH=['ManufacturedObjectFeatures']	SYNONYM=	PROPERTY=	ALTLABEL=
glass-transition temperature	LABEL=ManufacturedObjectFeatures	PATH=['PhysicalProperty', 'ManufacturedObjectFeatures']	SYNONYM=	PROPERTY=	ALTLABEL=
glial cell motility	LABEL=AssociatedBiologicalProcess	PATH=['CellMotility', 'AssociatedBiologicalProcess']	SYNONYM=	PROPERTY=	ALTLABEL=
glial growth	LABEL=AssociatedBiologicalProcess	PATH=['CellProliferation', 'AssociatedBiologicalProcess']	SYNONYM=	PROPERTY=	ALTLABEL=
glue	LABEL=Structure	PATH=['Structure']	SYNONYM=	PROPERTY=	ALTLABEL=
granule	LABEL=Structure	PATH=['Structure']	SYNONYM=	PROPERTY=	ALTLABEL=
groove	LABEL=ManufacturedObjectFeatures	PATH=['StructuralDetails', 'ManufacturedObjectFeatures']	SYNONYM=	PROPERTY=	ALTLABEL=
growth substrate	LABEL=ManufacturedObject	PATH=['ExperimentalScaffold', 'ManufacturedObject']	SYNONYM=	PROPERTY=	ALTLABEL=
HA	LABEL=Biomaterial	PATH=['Biomaterial']	SYNONYM=Hydroxyapatite	PROPERTY=	ALTLABEL=
hydroxyapatite	LABEL=Biomaterial	PATH=['Biomaterial']	SYNONYM=	PROPERTY=	ALTLABEL=
headache	LABEL=AdverseEffects	PATH=['AdverseEffects']	SYNONYM=	PROPERTY=	ALTLABEL=
helical coil	LABEL=Shape	PATH=['Shape']	SYNONYM=	PROPERTY=	ALTLABEL=
hematopoietic cell differentiation	LABEL=AssociatedBiologicalProcess	PATH=['CellDifferentiation', 'AssociatedBiologicalProcess']	SYNONYM=	PROPERTY=	ALTLABEL=
hemocompatibility	LABEL=EffectOnBiologicalSystem	PATH=['EffectOnBiologicalSystem']	SYNONYM=	PROPERTY=	ALTLABEL=
heparin	LABEL=BiologicallyActiveSubstance	PATH=['BiologicallyActiveSubstance']	SYNONYM=	PROPERTY=	ALTLABEL=
hepatobiliary surgery	LABEL=MedicalApplication	PATH=['SurgicalProcedure', 'MedicalApplication']	SYNONYM=	PROPERTY=	ALTLABEL=
hierarchical	LABEL=ArchitecturalOrganization	PATH=['ArchitecturalOrganization']	SYNONYM=	PROPERTY=	ALTLABEL=
human derived matrix	LABEL=BiologicallyActiveSubstance	PATH=['BiologicallyActiveSubstance']	SYNONYM=	PROPERTY=	ALTLABEL=
hydration	LABEL=MaterialProcessing	PATH=['MaterialProcessing']	SYNONYM=	PROPERTY=hydrated	ALTLABEL=
hydrogel	LABEL=Structure	PATH=['Gel', 'Structure']	SYNONYM=	PROPERTY=	ALTLABEL=
hydrophilicity	LABEL=ManufacturedObjectFeatures	PATH=['PhysicalProperty', 'ManufacturedObjectFeatures']	SYNONYM=	PROPERTY=hydrophilic	ALTLABEL=
hypospadias surgery	LABEL=MedicalApplication	PATH=['SurgicalProcedure', 'MedicalApplication']	SYNONYM=	PROPERTY=	ALTLABEL=
IPOM	LABEL=MedicalApplication	PATH=['SurgicalProcedure', 'MedicalApplication']	SYNONYM=IntraperitonealOnlayMesh	PROPERTY=	ALTLABEL=
intraperitoneal onlay mesh	LABEL=MedicalApplication	PATH=['SurgicalProcedure', 'MedicalApplication']	SYNONYM=	PROPERTY=	ALTLABEL=
immobilization	LABEL=MaterialProcessing	PATH=['MaterialProcessing']	SYNONYM=	PROPERTY=	ALTLABEL=
immunomodulatory	LABEL=EffectOnBiologicalSystem	PATH=['EffectOnBiologicalSystem']	SYNONYM=	PROPERTY=	ALTLABEL=
immunotoxicological effect	LABEL=AdverseEffects	PATH=['AdverseEffects']	SYNONYM=	PROPERTY=	ALTLABEL=
implant rejection	LABEL=AdverseEffects	PATH=['AdverseEffects']	SYNONYM=rejection of the implant	PROPERTY=	ALTLABEL=
rejection of the implant	LABEL=AdverseEffects	PATH=['AdverseEffects']	SYNONYM=	PROPERTY=	ALTLABEL=
implantable cardiovascular device	LABEL=ManufacturedObject	PATH=['MedicalDevice', 'ManufacturedObject']	SYNONYM=	PROPERTY=	ALTLABEL=
impregnating	LABEL=MaterialProcessing	PATH=['MaterialProcessing']	SYNONYM=impregnation	PROPERTY=	ALTLABEL=impregnation
impregnation	LABEL=MaterialProcessing	PATH=['MaterialProcessing']	SYNONYM=impregnation	PROPERTY=	ALTLABEL=impregnating
in vitro	LABEL=StudyType	PATH=['StudyType']	SYNONYM=	PROPERTY=	ALTLABEL=
in vivo	LABEL=StudyType	PATH=['StudyType']	SYNONYM=	PROPERTY=	ALTLABEL=
interconnected pore network	LABEL=ManufacturedObjectFeatures	PATH=['Pore', 'StructuralDetails', 'ManufacturedObjectFeatures']	SYNONYM=	PROPERTY=	ALTLABEL=
pore	LABEL=ManufacturedObjectFeatures	PATH=['StructuralDetails', 'ManufacturedObjectFeatures']	SYNONYM=	PROPERTY=	ALTLABEL=
interconnectivity	LABEL=ArchitecturalOrganization	PATH=['ArchitecturalOrganization']	SYNONYM=	PROPERTY=	ALTLABEL=
knitting	LABEL=MaterialProcessing	PATH=['MaterialProcessing']	SYNONYM=	PROPERTY=knitted	ALTLABEL=
laparoscopic intraperitoneal implantation	LABEL=MedicalApplication	PATH=['SurgicalProcedure', 'MedicalApplication']	SYNONYM=	PROPERTY=	ALTLABEL=
lattice	LABEL=Structure	PATH=['Structure']	SYNONYM=	PROPERTY=	ALTLABEL=
layer	LABEL=ManufacturedObjectComponent	PATH=['ManufacturedObjectComponent']	SYNONYM=	PROPERTY=	ALTLABEL=
layered	LABEL=ArchitecturalOrganization	PATH=['ArchitecturalOrganization']	SYNONYM=	PROPERTY=	ALTLABEL=
layered closure	LABEL=MedicalApplication	PATH=['SurgicalProcedure', 'MedicalApplication']	SYNONYM=	PROPERTY=	ALTLABEL=
life threatening complication	LABEL=AdverseEffects	PATH=['Complications', 'AdverseEffects']	SYNONYM=	PROPERTY=	ALTLABEL=
lipoaspirate fat	LABEL=BiologicallyActiveSubstance	PATH=['BiologicallyActiveSubstance']	SYNONYM=	PROPERTY=	ALTLABEL=
load to failure	LABEL=ManufacturedObjectFeatures	PATH=['MechanicalProperty', 'ManufacturedObjectFeatures']	SYNONYM=	PROPERTY=	ALTLABEL=
luminal obstruction	LABEL=AdverseEffects	PATH=['AdverseEffects']	SYNONYM=	PROPERTY=	ALTLABEL=
macrophage functional polarization	LABEL=AssociatedBiologicalProcess	PATH=['CellPolarization', 'AssociatedBiologicalProcess']	SYNONYM=	PROPERTY=	ALTLABEL=
macropore	LABEL=ManufacturedObjectFeatures	PATH=['Pore', 'StructuralDetails', 'ManufacturedObjectFeatures']	SYNONYM=	PROPERTY=macroporous	ALTLABEL=
macroporosity	LABEL=ManufacturedObjectFeatures	PATH=['Porosity', 'PhysicalProperty', 'ManufacturedObjectFeatures']	SYNONYM=	PROPERTY=macroporous	ALTLABEL=
porosity	LABEL=ManufacturedObjectFeatures	PATH=['PhysicalProperty', 'ManufacturedObjectFeatures']	SYNONYM=	PROPERTY=porous	ALTLABEL=
manufacture	LABEL=MaterialProcessing	PATH=['MaterialProcessing']	SYNONYM=	PROPERTY=	ALTLABEL=
mat	LABEL=Structure	PATH=['Structure']	SYNONYM=	PROPERTY=	ALTLABEL=
matrice	LABEL=Structure	PATH=['Structure']	SYNONYM=	PROPERTY=	ALTLABEL=matrices
matrigel	LABEL=Biomaterial	PATH=['Biomaterial']	SYNONYM=	PROPERTY=	ALTLABEL=
matrix deposition	LABEL=AssociatedBiologicalProcess	PATH=['AssociatedBiologicalProcess']	SYNONYM=	PROPERTY=	ALTLABEL=
matrix synthesis	LABEL=AssociatedBiologicalProcess	PATH=['AssociatedBiologicalProcess']	SYNONYM=	PROPERTY=	ALTLABEL=
maximum load	LABEL=ManufacturedObjectFeatures	PATH=['MechanicalProperty', 'ManufacturedObjectFeatures']	SYNONYM=ultimate strength	PROPERTY=	ALTLABEL=load to failure,bcteo:0000173
ultimate strength	LABEL=ManufacturedObjectFeatures	PATH=['MechanicalProperty', 'ManufacturedObjectFeatures']	SYNONYM=ultimate tensile strength	PROPERTY=	ALTLABEL=
MaximumStrain	LABEL=ManufacturedObjectFeatures	PATH=['MechanicalProperty', 'ManufacturedObjectFeatures']	SYNONYM=	PROPERTY=	ALTLABEL=BCTEO:0000174
medical textile	LABEL=ManufacturedObject	PATH=['ExperimentalScaffold', 'ManufacturedObject']	SYNONYM=	PROPERTY=	ALTLABEL=
membrane	LABEL=Structure	PATH=['Structure']	SYNONYM=	PROPERTY=	ALTLABEL=
meniscal scaffold	LABEL=ManufacturedObject	PATH=['ExperimentalScaffold', 'ManufacturedObject']	SYNONYM=	PROPERTY=	ALTLABEL=
mesh	LABEL=Structure	PATH=['Structure']	SYNONYM=	PROPERTY=	ALTLABEL=
mesoporosity	LABEL=ManufacturedObjectFeatures	PATH=['Porosity', 'PhysicalProperty', 'ManufacturedObjectFeatures']	SYNONYM=	PROPERTY=mesoporous	ALTLABEL=
metal	LABEL=BiomaterialType	PATH=['BiomaterialType']	SYNONYM=	PROPERTY=metallic	ALTLABEL=
microbead	LABEL=Structure	PATH=['Structure']	SYNONYM=	PROPERTY=	ALTLABEL=
microcarrier	LABEL=MedicalApplication	PATH=['MedicalApplication']	SYNONYM=	PROPERTY=	ALTLABEL=
microfiber	LABEL=Structure	PATH=['Fiber', 'Structure']	SYNONYM=microfibre	PROPERTY=microfibrous	ALTLABEL=
microfibre	LABEL=Structure	PATH=['Fiber', 'Structure']	SYNONYM=	PROPERTY=	ALTLABEL=
microgel	LABEL=Structure	PATH=['Gel', 'Structure']	SYNONYM=	PROPERTY=	ALTLABEL=
microparticle	LABEL=Structure	PATH=['Structure']	SYNONYM=	PROPERTY=	ALTLABEL=
microporosity	LABEL=ManufacturedObjectFeatures	PATH=['Porosity', 'PhysicalProperty', 'ManufacturedObjectFeatures']	SYNONYM=	PROPERTY=microporous	ALTLABEL=
microsphere	LABEL=Structure	PATH=['Structure']	SYNONYM=	PROPERTY=	ALTLABEL=
molar mass	LABEL=ManufacturedObjectFeatures	PATH=['ChemicalProperty', 'ManufacturedObjectFeatures']	SYNONYM=	PROPERTY=	ALTLABEL=
molecular structure	LABEL=ManufacturedObjectFeatures	PATH=['ChemicalProperty', 'ManufacturedObjectFeatures']	SYNONYM=	PROPERTY=	ALTLABEL=
monofilament	LABEL=Structure	PATH=['Structure']	SYNONYM=	PROPERTY=	ALTLABEL=
morphology	LABEL=ManufacturedObjectFeatures	PATH=['PhysicalProperty', 'ManufacturedObjectFeatures']	SYNONYM=	PROPERTY=	ALTLABEL=
multi-layered	LABEL=ArchitecturalOrganization	PATH=['ArchitecturalOrganization']	SYNONYM=	PROPERTY=	ALTLABEL=
multifilament	LABEL=Structure	PATH=['Structure']	SYNONYM=polyfilament	PROPERTY=	ALTLABEL=
polyfilament	LABEL=Structure	PATH=['Structure']	SYNONYM=	PROPERTY=	ALTLABEL=
multilayer	LABEL=ArchitecturalOrganization	PATH=['ArchitecturalOrganization']	SYNONYM=	PROPERTY=	ALTLABEL=
multilayered	LABEL=ArchitecturalOrganization	PATH=['ArchitecturalOrganization']	SYNONYM=	PROPERTY=	ALTLABEL=
multilineage differentiation	LABEL=AssociatedBiologicalProcess	PATH=['CellDifferentiation', 'AssociatedBiologicalProcess']	SYNONYM=	PROPERTY=	ALTLABEL=
myogenic differentiation	LABEL=AssociatedBiologicalProcess	PATH=['CellDifferentiation', 'AssociatedBiologicalProcess']	SYNONYM=	PROPERTY=	ALTLABEL=
nanobioglass	LABEL=BiomaterialType	PATH=['BiomaterialType']	SYNONYM=	PROPERTY=	ALTLABEL=
nanocoating	LABEL=MaterialProcessing	PATH=['Coating', 'MaterialProcessing']	SYNONYM=	PROPERTY=	ALTLABEL=
nanocomposite	LABEL=Structure	PATH=['Structure']	SYNONYM=	PROPERTY=	ALTLABEL=
nanocrystal	LABEL=Structure	PATH=['Structure']	SYNONYM=	PROPERTY=	ALTLABEL=
nanoencapsulation	LABEL=MedicalApplication	PATH=['Encapsulation', 'MedicalApplication']	SYNONYM=	PROPERTY=	ALTLABEL=
nanofiber	LABEL=Structure	PATH=['Fiber', 'Structure']	SYNONYM=nanofibre	PROPERTY=	ALTLABEL=
nanofibre	LABEL=Structure	PATH=['Fiber', 'Structure']	SYNONYM=	PROPERTY=nanofibrous	ALTLABEL=
nanohydroxyapetite	LABEL=BiomaterialType	PATH=['BiomaterialType']	SYNONYM=	PROPERTY=	ALTLABEL=
nanoparticle	LABEL=Structure	PATH=['Structure']	SYNONYM=	PROPERTY=	ALTLABEL=
nanorod	LABEL=Shape	PATH=['Rod', 'Shape']	SYNONYM=	PROPERTY=	ALTLABEL=
rod	LABEL=Shape	PATH=['Shape']	SYNONYM=	PROPERTY=	ALTLABEL=
nanoroughness	LABEL=ManufacturedObjectFeatures	PATH=['PhysicalProperty', 'ManufacturedObjectFeatures']	SYNONYM=	PROPERTY=	ALTLABEL=
nanosphere	LABEL=Shape	PATH=['Sphere', 'Shape']	SYNONYM=	PROPERTY=	ALTLABEL=
sphere	LABEL=Shape	PATH=['Shape']	SYNONYM=	PROPERTY=	ALTLABEL=
nanotopography	LABEL=ManufacturedObjectFeatures	PATH=['PhysicalProperty', 'ManufacturedObjectFeatures']	SYNONYM=	PROPERTY=	ALTLABEL=
nanotube	LABEL=Structure	PATH=['Structure']	SYNONYM=	PROPERTY=	ALTLABEL=
nanotubular	LABEL=Shape	PATH=['Tubular', 'Shape']	SYNONYM=	PROPERTY=	ALTLABEL=
tubular	LABEL=Shape	PATH=['Shape']	SYNONYM=	PROPERTY=	ALTLABEL=
nanowire	LABEL=Structure	PATH=['Structure']	SYNONYM=	PROPERTY=	ALTLABEL=
natural material	LABEL=BiomaterialType	PATH=['BiomaterialType']	SYNONYM=	PROPERTY=	ALTLABEL=
necrosis	LABEL=AdverseEffects	PATH=['AdverseEffects']	SYNONYM=	PROPERTY=	ALTLABEL=
neocollagenesis	LABEL=AssociatedBiologicalProcess	PATH=['AssociatedBiologicalProcess']	SYNONYM=	PROPERTY=	ALTLABEL=neo collagenesis
neotissue	LABEL=MedicalApplication	PATH=['MedicalApplication']	SYNONYM=	PROPERTY=	ALTLABEL=
neovascularization	LABEL=AssociatedBiologicalProcess	PATH=['Vascularization', 'AssociatedBiologicalProcess']	SYNONYM=	PROPERTY=	ALTLABEL=
vascularization	LABEL=AssociatedBiologicalProcess	PATH=['AssociatedBiologicalProcess']	SYNONYM=	PROPERTY=	ALTLABEL=vascularisation
network	LABEL=Structure	PATH=['Structure']	SYNONYM=	PROPERTY=	ALTLABEL=
neuronal regeneration	LABEL=MedicalApplication	PATH=['Regeneration', 'MedicalApplication']	SYNONYM=	PROPERTY=	ALTLABEL=
regeneration	LABEL=MedicalApplication	PATH=['MedicalApplication']	SYNONYM=	PROPERTY=	ALTLABEL=
nodule formation	LABEL=AssociatedBiologicalProcess	PATH=['AssociatedBiologicalProcess']	SYNONYM=	PROPERTY=	ALTLABEL=
non crosslinked	LABEL=ManufacturedObjectFeatures	PATH=['OtherFeatures', 'ManufacturedObjectFeatures']	SYNONYM=	PROPERTY=	ALTLABEL=
non woven	LABEL=ManufacturedObjectFeatures	PATH=['OtherFeatures', 'ManufacturedObjectFeatures']	SYNONYM=	PROPERTY=	ALTLABEL=
nonabsorbable	LABEL=DegradationFeatures	PATH=['DegradationFeatures']	SYNONYM=	PROPERTY=permanent	ALTLABEL=
nosocomial infection	LABEL=AdverseEffects	PATH=['AdverseEffects']	SYNONYM=	PROPERTY=	ALTLABEL=
orientation	LABEL=ManufacturedObjectFeatures	PATH=['PhysicalProperty', 'ManufacturedObjectFeatures']	SYNONYM=	PROPERTY=	ALTLABEL=
oriented	LABEL=ArchitecturalOrganization	PATH=['ArchitecturalOrganization']	SYNONYM=	PROPERTY=	ALTLABEL=
osteoconduction	LABEL=AssociatedBiologicalProcess	PATH=['AssociatedBiologicalProcess']	SYNONYM=	PROPERTY=	ALTLABEL=osteoconductivity
osteoconductivity	LABEL=AssociatedBiologicalProcess	PATH=['AssociatedBiologicalProcess']	SYNONYM=	PROPERTY=	ALTLABEL=osteoconduction
osteodifferentiation	LABEL=AssociatedBiologicalProcess	PATH=['CellDifferentiation', 'AssociatedBiologicalProcess']	SYNONYM=osteogenic differentiation	PROPERTY=	ALTLABEL=
osteogenic differentiation	LABEL=AssociatedBiologicalProcess	PATH=['CellDifferentiation', 'AssociatedBiologicalProcess']	SYNONYM=	PROPERTY=	ALTLABEL=
osteogenesis	LABEL=AssociatedBiologicalProcess	PATH=['AssociatedBiologicalProcess']	SYNONYM=	PROPERTY=osteogenic	ALTLABEL=
osteogenic induction factors	LABEL=BiologicallyActiveSubstance	PATH=['BiologicallyActiveSubstance']	SYNONYM=	PROPERTY=	ALTLABEL=
osteoinduction	LABEL=AssociatedBiologicalProcess	PATH=['AssociatedBiologicalProcess']	SYNONYM=	PROPERTY=osteoinductive	ALTLABEL=osteoinductivity
osteointegration	LABEL=AssociatedBiologicalProcess	PATH=['AssociatedBiologicalProcess']	SYNONYM=	PROPERTY=	ALTLABEL=
PCL	LABEL=Biomaterial	PATH=['Biomaterial']	SYNONYM=	PROPERTY=	ALTLABEL=
PDO	LABEL=Biomaterial	PATH=['Biomaterial']	SYNONYM=PDS	PROPERTY=	ALTLABEL=
PDS	LABEL=Biomaterial	PATH=['Biomaterial']	SYNONYM=PDSII,Poly-p-dioxanone	PROPERTY=	ALTLABEL=
PDSII	LABEL=Biomaterial	PATH=['Biomaterial']	SYNONYM=	PROPERTY=	ALTLABEL=
poly-p-dioxanone	LABEL=Biomaterial	PATH=['Biomaterial']	SYNONYM=	PROPERTY=	ALTLABEL=
PG910	LABEL=Biomaterial	PATH=['Biomaterial']	SYNONYM=Polyglactin910	PROPERTY=	ALTLABEL=
polyglactin910	LABEL=Biomaterial	PATH=['Biomaterial']	SYNONYM=	PROPERTY=	ALTLABEL=
polyglicolic acid	LABEL=Biomaterial	PATH=['Biomaterial']	SYNONYM=	PROPERTY=	ALTLABEL=
PGACL	LABEL=Biomaterial	PATH=['Biomaterial']	SYNONYM=Poly(glycolide-co-epsilon-caprolactone)	PROPERTY=	ALTLABEL=
poly(glycolide-co-epsilon-caprolactone)	LABEL=Biomaterial	PATH=['Biomaterial']	SYNONYM=	PROPERTY=	ALTLABEL=
PLGA	LABEL=Biomaterial	PATH=['Biomaterial']	SYNONYM=Poly(glycolide:lactide)	PROPERTY=	ALTLABEL=
poly(glycolide:lactide)	LABEL=Biomaterial	PATH=['Biomaterial']	SYNONYM=	PROPERTY=	ALTLABEL=
PLLA	LABEL=Biomaterial	PATH=['Biomaterial']	SYNONYM=	PROPERTY=	ALTLABEL=
PPDO	LABEL=Biomaterial	PATH=['Biomaterial']	SYNONYM=Poly-p-dioxanone	PROPERTY=	ALTLABEL=
PRP	LABEL=BiologicallyActiveSubstance	PATH=['BiologicallyActiveSubstance']	SYNONYM=PlateletRichPlasma	PROPERTY=	ALTLABEL=
platelet rich plasma	LABEL=BiologicallyActiveSubstance	PATH=['BiologicallyActiveSubstance']	SYNONYM=	PROPERTY=	ALTLABEL=
particle	LABEL=Structure	PATH=['Structure']	SYNONYM=	PROPERTY=	ALTLABEL=
perforation	LABEL=MaterialProcessing	PATH=['MaterialProcessing']	SYNONYM=	PROPERTY=perforated	ALTLABEL=
photocrosslinking	LABEL=MaterialProcessing	PATH=['Crosslinking', 'MaterialProcessing']	SYNONYM=	PROPERTY=photocrosslinked	ALTLABEL=
pin	LABEL=ManufacturedObject	PATH=['SurgicalImplant', 'ManufacturedObject']	SYNONYM=	PROPERTY=	ALTLABEL=
plasma treatment	LABEL=MaterialProcessing	PATH=['MaterialProcessing']	SYNONYM=	PROPERTY=plasmatreated	ALTLABEL=
polishing	LABEL=MaterialProcessing	PATH=['MaterialProcessing']	SYNONYM=	PROPERTY=polished	ALTLABEL=
polymer	LABEL=BiomaterialType	PATH=['BiomaterialType']	SYNONYM=	PROPERTY=polymeric	ALTLABEL=polymers
polymerization	LABEL=MaterialProcessing	PATH=['MaterialProcessing']	SYNONYM=	PROPERTY=polymerized	ALTLABEL=
polytetrafluoroethylene	LABEL=Biomaterial	PATH=['Biomaterial']	SYNONYM=teflon	PROPERTY=	ALTLABEL=
teflon	LABEL=Biomaterial	PATH=['Biomaterial']	SYNONYM=	PROPERTY=	ALTLABEL=
pore size	LABEL=ManufacturedObjectFeatures	PATH=['Porosity', 'PhysicalProperty', 'ManufacturedObjectFeatures']	SYNONYM=	PROPERTY=	ALTLABEL=
postoperative adhesion	LABEL=AdverseEffects	PATH=['AdhesionFormation', 'AdverseEffects']	SYNONYM=	PROPERTY=	ALTLABEL=
powder	LABEL=Structure	PATH=['Structure']	SYNONYM=	PROPERTY=powdered	ALTLABEL=
precoating	LABEL=MaterialProcessing	PATH=['Coating', 'MaterialProcessing']	SYNONYM=	PROPERTY=precoated	ALTLABEL=
preconditioning	LABEL=MaterialProcessing	PATH=['MaterialProcessing']	SYNONYM=	PROPERTY=preconditioned	ALTLABEL=
printing	LABEL=MaterialProcessing	PATH=['MaterialProcessing']	SYNONYM=	PROPERTY=	ALTLABEL=
proliferation	LABEL=AssociatedBiologicalProcess	PATH=['AssociatedBiologicalProcess']	SYNONYM=	PROPERTY=	ALTLABEL=
prospective	LABEL=StudyType	PATH=['ClinicalStudy', 'StudyType']	SYNONYM=	PROPERTY=	ALTLABEL=
prospective multi center trial	LABEL=StudyType	PATH=['Prospective', 'ClinicalStudy', 'StudyType']	SYNONYM=	PROPERTY=	ALTLABEL=
pull out strength	LABEL=ManufacturedObjectFeatures	PATH=['MechanicalProperty', 'ManufacturedObjectFeatures']	SYNONYM=	PROPERTY=	ALTLABEL=
purification	LABEL=MaterialProcessing	PATH=['MaterialProcessing']	SYNONYM=	PROPERTY=	ALTLABEL=
RGD	LABEL=BiologicallyActiveSubstance	PATH=['BiologicallyActiveSubstance']	SYNONYM=	PROPERTY=	ALTLABEL=
radial compressive strength	LABEL=ManufacturedObjectFeatures	PATH=['MechanicalProperty', 'ManufacturedObjectFeatures']	SYNONYM=	PROPERTY=	ALTLABEL=radialcompressionstrength
re-endothelization	LABEL=AssociatedBiologicalProcess	PATH=['AssociatedBiologicalProcess']	SYNONYM=	PROPERTY=	ALTLABEL=
recoarctation	LABEL=AdverseEffects	PATH=['AdverseEffects']	SYNONYM=	PROPERTY=	ALTLABEL=
recombinant human bone morphogenetic protein	LABEL=BiologicallyActiveSubstance	PATH=['BMP', 'BiologicallyActiveSubstance']	SYNONYM=(rh b m p)	PROPERTY=	ALTLABEL=
(rh b m p)	LABEL=BiologicallyActiveSubstance	PATH=['BMP', 'BiologicallyActiveSubstance']	SYNONYM=	PROPERTY=	ALTLABEL=
reinforcement	LABEL=MaterialProcessing	PATH=['MaterialProcessing']	SYNONYM=	PROPERTY=reinforced	ALTLABEL=
repair of skull	LABEL=MedicalApplication	PATH=['SurgicalProcedure', 'MedicalApplication']	SYNONYM=	PROPERTY=	ALTLABEL=
resorption	LABEL=DegradationFeatures	PATH=['DegradationFeatures']	SYNONYM=	PROPERTY=resorbable	ALTLABEL=
resurfacing	LABEL=MaterialProcessing	PATH=['MaterialProcessing']	SYNONYM=	PROPERTY=	ALTLABEL=
retinal detachment	LABEL=AdverseEffects	PATH=['AdverseEffects']	SYNONYM=	PROPERTY=	ALTLABEL=
retrospective	LABEL=StudyType	PATH=['ClinicalStudy', 'StudyType']	SYNONYM=	PROPERTY=	ALTLABEL=
retrospective analysis	LABEL=StudyType	PATH=['Retrospective', 'ClinicalStudy', 'StudyType']	SYNONYM=retrospective study	PROPERTY=	ALTLABEL=
retrospective study	LABEL=StudyType	PATH=['Retrospective', 'ClinicalStudy', 'StudyType']	SYNONYM=	PROPERTY=	ALTLABEL=
revascularization	LABEL=AssociatedBiologicalProcess	PATH=['Vascularization', 'AssociatedBiologicalProcess']	SYNONYM=	PROPERTY=	ALTLABEL=
ring	LABEL=Shape	PATH=['Shape']	SYNONYM=	PROPERTY=	ALTLABEL=
roughening	LABEL=MaterialProcessing	PATH=['MaterialProcessing']	SYNONYM=	PROPERTY=roughened	ALTLABEL=
sandblasting	LABEL=MaterialProcessing	PATH=['MaterialProcessing']	SYNONYM=	PROPERTY=sandblasted	ALTLABEL=
scaffold mineralization	LABEL=AssociatedBiologicalProcess	PATH=['AssociatedBiologicalProcess']	SYNONYM=	PROPERTY=	ALTLABEL=
secondary infection	LABEL=AdverseEffects	PATH=['AdverseEffects']	SYNONYM=	PROPERTY=	ALTLABEL=
septoplasty	LABEL=MedicalApplication	PATH=['SurgicalProcedure', 'MedicalApplication']	SYNONYM=	PROPERTY=	ALTLABEL=
sheet	LABEL=Structure	PATH=['Structure']	SYNONYM=	PROPERTY=	ALTLABEL=
shell	LABEL=ManufacturedObjectComponent	PATH=['ManufacturedObjectComponent']	SYNONYM=	PROPERTY=	ALTLABEL=
shell-core	LABEL=Structure	PATH=['Structure']	SYNONYM=	PROPERTY=	ALTLABEL=
si r n a	LABEL=BiologicallyActiveSubstance	PATH=['BiologicallyActiveSubstance']	SYNONYM=	PROPERTY=	ALTLABEL=
sintering	LABEL=MaterialProcessing	PATH=['MaterialProcessing']	SYNONYM=	PROPERTY=sintered	ALTLABEL=
skin closure	LABEL=MedicalApplication	PATH=['SurgicalProcedure', 'MedicalApplication']	SYNONYM=	PROPERTY=	ALTLABEL=
skin irritation	LABEL=AdverseEffects	PATH=['AdverseEffects']	SYNONYM=	PROPERTY=	ALTLABEL=
sol-gel	LABEL=MaterialProcessing	PATH=['MaterialProcessing']	SYNONYM=	PROPERTY=	ALTLABEL=
spheroid	LABEL=Shape	PATH=['Shape']	SYNONYM=	PROPERTY=	ALTLABEL=
spidroin	LABEL=Biomaterial	PATH=['Silk', 'Biomaterial']	SYNONYM=	PROPERTY=	ALTLABEL=
spiral	LABEL=Shape	PATH=['Shape']	SYNONYM=	PROPERTY=	ALTLABEL=
sponge	LABEL=Structure	PATH=['Structure']	SYNONYM=	PROPERTY=spongy	ALTLABEL=
spring	LABEL=Shape	PATH=['Shape']	SYNONYM=	PROPERTY=	ALTLABEL=
sputtering	LABEL=MaterialProcessing	PATH=['MaterialProcessing']	SYNONYM=	PROPERTY=	ALTLABEL=
stent insertion	LABEL=MedicalApplication	PATH=['SurgicalProcedure', 'MedicalApplication']	SYNONYM=	PROPERTY=	ALTLABEL=
stiffness	LABEL=ManufacturedObjectFeatures	PATH=['MechanicalProperty', 'ManufacturedObjectFeatures']	SYNONYM=	PROPERTY=	ALTLABEL=
surface functionalization	LABEL=MaterialProcessing	PATH=['MaterialProcessing']	SYNONYM=	PROPERTY=	ALTLABEL=
surface hydrophilicity	LABEL=ManufacturedObjectFeatures	PATH=['PhysicalProperty', 'ManufacturedObjectFeatures']	SYNONYM=	PROPERTY=hydrophilic	ALTLABEL=
surface roughness	LABEL=ManufacturedObjectFeatures	PATH=['PhysicalProperty', 'ManufacturedObjectFeatures']	SYNONYM=	PROPERTY=	ALTLABEL=
surface topography	LABEL=ManufacturedObjectFeatures	PATH=['PhysicalProperty', 'ManufacturedObjectFeatures']	SYNONYM=	PROPERTY=	ALTLABEL=
surgical repair	LABEL=MedicalApplication	PATH=['SurgicalProcedure', 'MedicalApplication']	SYNONYM=	PROPERTY=	ALTLABEL=
suture	LABEL=ManufacturedObject	PATH=['SurgicalImplant', 'ManufacturedObject']	SYNONYM=	PROPERTY=	ALTLABEL=
synthetic material	LABEL=BiomaterialType	PATH=['BiomaterialType']	SYNONYM=	PROPERTY=	ALTLABEL=
tendon healing	LABEL=MedicalApplication	PATH=['Regeneration', 'MedicalApplication']	SYNONYM=	PROPERTY=	ALTLABEL=
tenogenic differentiation	LABEL=AssociatedBiologicalProcess	PATH=['CellDifferentiation', 'AssociatedBiologicalProcess']	SYNONYM=	PROPERTY=	ALTLABEL=
tensile strength	LABEL=ManufacturedObjectFeatures	PATH=['MechanicalProperty', 'ManufacturedObjectFeatures']	SYNONYM=ultimate strength	PROPERTY=	ALTLABEL=
textile	LABEL=Structure	PATH=['Structure']	SYNONYM=	PROPERTY=	ALTLABEL=
thermal decomposition temperature	LABEL=ManufacturedObjectFeatures	PATH=['PhysicalProperty', 'ManufacturedObjectFeatures']	SYNONYM=	PROPERTY=	ALTLABEL=
thermally induced phase separation	LABEL=MaterialProcessing	PATH=['MaterialProcessing']	SYNONYM=	PROPERTY=	ALTLABEL=
thermogel	LABEL=Structure	PATH=['Gel', 'Structure']	SYNONYM=	PROPERTY=	ALTLABEL=
thin film	LABEL=Structure	PATH=['Film', 'Structure']	SYNONYM=	PROPERTY=	ALTLABEL=
thread	LABEL=Structure	PATH=['Structure']	SYNONYM=	PROPERTY=	ALTLABEL=
tissue integration	LABEL=EffectOnBiologicalSystem	PATH=['EffectOnBiologicalSystem']	SYNONYM=	PROPERTY=	ALTLABEL=
tissue regeneration	LABEL=MedicalApplication	PATH=['MedicalApplication']	SYNONYM=	PROPERTY=	ALTLABEL=
titanium	LABEL=Biomaterial	PATH=['Biomaterial']	SYNONYM=	PROPERTY=	ALTLABEL=
topology	LABEL=ManufacturedObjectFeatures	PATH=['PhysicalProperty', 'ManufacturedObjectFeatures']	SYNONYM=	PROPERTY=	ALTLABEL=
toughness	LABEL=ManufacturedObjectFeatures	PATH=['MechanicalProperty', 'ManufacturedObjectFeatures']	SYNONYM=	PROPERTY=	ALTLABEL=
toxicity	LABEL=AdverseEffects	PATH=['AdverseEffects']	SYNONYM=	PROPERTY=toxic	ALTLABEL=
tripolymer	LABEL=BiomaterialType	PATH=['BiomaterialType']	SYNONYM=	PROPERTY=	ALTLABEL=
two-layered closure	LABEL=MedicalApplication	PATH=['MedicalApplication']	SYNONYM=	PROPERTY=	ALTLABEL=
ultimate tensile strength	LABEL=ManufacturedObjectFeatures	PATH=['MechanicalProperty', 'ManufacturedObjectFeatures']	SYNONYM=	PROPERTY=	ALTLABEL=
unidirectional	LABEL=ArchitecturalOrganization	PATH=['ArchitecturalOrganization']	SYNONYM=	PROPERTY=	ALTLABEL=
vocal fold augmentation	LABEL=MedicalApplication	PATH=['TissueReconstruction', 'MedicalApplication']	SYNONYM=	PROPERTY=	ALTLABEL=
weaving	LABEL=MaterialProcessing	PATH=['MaterialProcessing']	SYNONYM=	PROPERTY=woven	ALTLABEL=
wettability	LABEL=ManufacturedObjectFeatures	PATH=['PhysicalProperty', 'ManufacturedObjectFeatures']	SYNONYM=	PROPERTY=	ALTLABEL=
wire	LABEL=Structure	PATH=['Structure']	SYNONYM=	PROPERTY=	ALTLABEL=
wound abscesses	LABEL=AdverseEffects	PATH=['AdverseEffects']	SYNONYM=	PROPERTY=	ALTLABEL=
wound dressing	LABEL=MedicalApplication	PATH=['MedicalApplication']	SYNONYM=	PROPERTY=	ALTLABEL=
wound healing	LABEL=MedicalApplication	PATH=['Regeneration', 'MedicalApplication']	SYNONYM=	PROPERTY=	ALTLABEL=
wrapped	LABEL=ArchitecturalOrganization	PATH=['ArchitecturalOrganization']	SYNONYM=	PROPERTY=	ALTLABEL=
yarn	LABEL=Structure	PATH=['Structure']	SYNONYM=	PROPERTY=	ALTLABEL=
bioprinting	LABEL=MaterialProcessing	PATH=['Printing', 'MaterialProcessing']	SYNONYM=	PROPERTY=bioprinted	ALTLABEL=
osteogenicity	LABEL=EffectOnBiologicalSystem	PATH=['EffectOnBiologicalSystem']	SYNONYM=	PROPERTY=	ALTLABEL=
2-layer	LABEL=Structure	PATH=['Structure']	SYNONYM=	PROPERTY=	ALTLABEL=
3d printing	LABEL=MaterialProcessing	PATH=['Printing', 'MaterialProcessing']	SYNONYM=	PROPERTY=3dprinted	ALTLABEL=
young's modulus	LABEL=ManufacturedObjectFeatures	PATH=['MechanicalProperty', 'ManufacturedObjectFeatures']	SYNONYM=	PROPERTY=	ALTLABEL=
biomaterials	LABEL=Biomaterial	PATH=['Biomaterial']	SYNONYM=	PROPERTY=	ALTLABEL=biomaterial
ncit: c17828	LABEL=AssociatedBiologicalProcess	PATH=['AssociatedBiologicalProcess']	SYNONYM=	PROPERTY=	ALTLABEL=associated biological process
scaffold	LABEL=ManufacturedObject	PATH=['ManufacturedObject']	SYNONYM=	PROPERTY=	ALTLABEL=experimental scaffold
adverseevent	LABEL=AdverseEffects	PATH=['AdverseEffects']	SYNONYM=	PROPERTY=	ALTLABEL=adverse effects
absorbable	LABEL=DegradationFeatures	PATH=['DegradationFeatures']	SYNONYM=	PROPERTY=	ALTLABEL=absorption
acellular	LABEL=ManufacturedObjectFeatures	PATH=['OtherFeatures', 'ManufacturedObjectFeatures']	SYNONYM=	PROPERTY=	ALTLABEL=acellularity
adsorbed	LABEL=MaterialProcessing	PATH=['Coating', 'MaterialProcessing']	SYNONYM=	PROPERTY=	ALTLABEL=adsorption
coated	LABEL=MaterialProcessing	PATH=['MaterialProcessing']	SYNONYM=	PROPERTY=	ALTLABEL=coating
ncit: c17442	LABEL=ManufacturedObjectFeatures	PATH=['MechanicalProperty', 'ManufacturedObjectFeatures']	SYNONYM=	PROPERTY=	ALTLABEL=anisotropy
mechanical properties	LABEL=ManufacturedObjectFeatures	PATH=['ManufacturedObjectFeatures']	SYNONYM=	PROPERTY=	ALTLABEL=mechanical property
drug release	LABEL=MedicalApplication	PATH=['MedicalApplication']	SYNONYM=	PROPERTY=	ALTLABEL=drug delivery
tissue augmentation	LABEL=MedicalApplication	PATH=['MedicalApplication']	SYNONYM=	PROPERTY=	ALTLABEL=tissue reconstruction
bioactive	LABEL=EffectOnBiologicalSystem	PATH=['EffectOnBiologicalSystem']	SYNONYM=	PROPERTY=	ALTLABEL=bioactivity
biocompatible	LABEL=EffectOnBiologicalSystem	PATH=['EffectOnBiologicalSystem']	SYNONYM=	PROPERTY=	ALTLABEL=biocompatibility
biodegradable	LABEL=DegradationFeatures	PATH=['DegradationFeatures']	SYNONYM=	PROPERTY=	ALTLABEL=biodegradability
biofunctional	LABEL=MaterialProcessing	PATH=['Functionalization', 'Coating', 'MaterialProcessing']	SYNONYM=	PROPERTY=	ALTLABEL=biofunctionalization
funcionalized	LABEL=MaterialProcessing	PATH=['Coating', 'MaterialProcessing']	SYNONYM=	PROPERTY=	ALTLABEL=functionalization
mineralized	LABEL=AssociatedBiologicalProcess	PATH=['AssociatedBiologicalProcess']	SYNONYM=	PROPERTY=	ALTLABEL=biomineralization
bioresorbable	LABEL=DegradationFeatures	PATH=['DegradationFeatures']	SYNONYM=	PROPERTY=	ALTLABEL=bioresorption
blended	LABEL=MaterialProcessing	PATH=['MaterialProcessing']	SYNONYM=	PROPERTY=	ALTLABEL=blending
braided	LABEL=MaterialProcessing	PATH=['MaterialProcessing']	SYNONYM=	PROPERTY=	ALTLABEL=braiding
bcteo:0000123	LABEL=ManufacturedObjectFeatures	PATH=['MechanicalProperty', 'ManufacturedObjectFeatures']	SYNONYM=	PROPERTY=	ALTLABEL=bulk modulus
inflammatoryresponse	LABEL=AdverseEffects	PATH=['AdverseEffects']	SYNONYM=	PROPERTY=	ALTLABEL=inflammatory reaction
implant	LABEL=ManufacturedObject	PATH=['ManufacturedObject']	SYNONYM=	PROPERTY=	ALTLABEL=surgical implant
conditioned	LABEL=MaterialProcessing	PATH=['MaterialProcessing']	SYNONYM=	PROPERTY=	ALTLABEL=conditioning
conductive	LABEL=ManufacturedObjectFeatures	PATH=['PhysicalProperty', 'ManufacturedObjectFeatures']	SYNONYM=	PROPERTY=	ALTLABEL=conductivity
crosslinked	LABEL=MaterialProcessing	PATH=['MaterialProcessing']	SYNONYM=	PROPERTY=	ALTLABEL=crosslinking
cytocompatible	LABEL=EffectOnBiologicalSystem	PATH=['EffectOnBiologicalSystem']	SYNONYM=	PROPERTY=	ALTLABEL=cytocompatibility
cytotoxic	LABEL=AdverseEffects	PATH=['AdverseEffects']	SYNONYM=	PROPERTY=	ALTLABEL=cytotoxicity
decellularized	LABEL=MaterialProcessing	PATH=['MaterialProcessing']	SYNONYM=	PROPERTY=	ALTLABEL=decellularization
degradable	LABEL=DegradationFeatures	PATH=['DegradationFeatures']	SYNONYM=	PROPERTY=	ALTLABEL=degradability
OPB:00546	LABEL=ManufacturedObjectFeatures	PATH=['MechanicalProperty', 'ManufacturedObjectFeatures']	SYNONYM=	PROPERTY=	ALTLABEL=Density
electrospun	LABEL=MaterialProcessing	PATH=['MaterialProcessing']	SYNONYM=	PROPERTY=	ALTLABEL=electrospinning
etched	LABEL=MaterialProcessing	PATH=['MaterialProcessing']	SYNONYM=	PROPERTY=	ALTLABEL=etching
extruded	LABEL=MaterialProcessing	PATH=['MaterialProcessing']	SYNONYM=	PROPERTY=	ALTLABEL=extrusion
fibrous	LABEL=Structure	PATH=['Structure']	SYNONYM=fibre	PROPERTY=fibers	ALTLABEL=fiber
fibres	LABEL=Structure	PATH=['Structure']	SYNONYM=	PROPERTY=	ALTLABEL=fibre
flexible	LABEL=ManufacturedObjectFeatures	PATH=['MechanicalProperty', 'ManufacturedObjectFeatures']	SYNONYM=	PROPERTY=	ALTLABEL=flexibility
foamed	LABEL=MaterialProcessing	PATH=['MaterialProcessing']	SYNONYM=	PROPERTY=	ALTLABEL=foaming
hydrated	LABEL=MaterialProcessing	PATH=['MaterialProcessing']	SYNONYM=	PROPERTY=	ALTLABEL=hydration
hydrophilic	LABEL=ManufacturedObjectFeatures	PATH=['PhysicalProperty', 'ManufacturedObjectFeatures']	SYNONYM=	PROPERTY=	ALTLABEL=surface hydrophilicity
knitted	LABEL=MaterialProcessing	PATH=['MaterialProcessing']	SYNONYM=	PROPERTY=	ALTLABEL=knitting
macroporous	LABEL=ManufacturedObjectFeatures	PATH=['Porosity', 'PhysicalProperty', 'ManufacturedObjectFeatures']	SYNONYM=	PROPERTY=	ALTLABEL=macroporosity
porous	LABEL=ManufacturedObjectFeatures	PATH=['PhysicalProperty', 'ManufacturedObjectFeatures']	SYNONYM=	PROPERTY=	ALTLABEL=porosity
matrices	LABEL=Structure	PATH=['Structure']	SYNONYM=	PROPERTY=	ALTLABEL=matrice
load to failure,bcteo:0000173	LABEL=ManufacturedObjectFeatures	PATH=['MechanicalProperty', 'ManufacturedObjectFeatures']	SYNONYM=ultimate strength	PROPERTY=	ALTLABEL=maximum load
BCTEO:0000174	LABEL=ManufacturedObjectFeatures	PATH=['MechanicalProperty', 'ManufacturedObjectFeatures']	SYNONYM=	PROPERTY=	ALTLABEL=MaximumStrain
mesoporous	LABEL=ManufacturedObjectFeatures	PATH=['Porosity', 'PhysicalProperty', 'ManufacturedObjectFeatures']	SYNONYM=	PROPERTY=	ALTLABEL=mesoporosity
metallic	LABEL=BiomaterialType	PATH=['BiomaterialType']	SYNONYM=	PROPERTY=	ALTLABEL=metal
microfibrous	LABEL=Structure	PATH=['Fiber', 'Structure']	SYNONYM=microfibre	PROPERTY=	ALTLABEL=microfiber
microporous	LABEL=ManufacturedObjectFeatures	PATH=['Porosity', 'PhysicalProperty', 'ManufacturedObjectFeatures']	SYNONYM=	PROPERTY=	ALTLABEL=microporosity
nanofibrous	LABEL=Structure	PATH=['Fiber', 'Structure']	SYNONYM=	PROPERTY=	ALTLABEL=nanofibre
neo collagenesis	LABEL=AssociatedBiologicalProcess	PATH=['AssociatedBiologicalProcess']	SYNONYM=	PROPERTY=	ALTLABEL=neocollagenesis
vascularisation	LABEL=AssociatedBiologicalProcess	PATH=['AssociatedBiologicalProcess']	SYNONYM=	PROPERTY=	ALTLABEL=vascularization
permanent	LABEL=DegradationFeatures	PATH=['DegradationFeatures']	SYNONYM=	PROPERTY=	ALTLABEL=nonabsorbable
osteogenic	LABEL=AssociatedBiologicalProcess	PATH=['AssociatedBiologicalProcess']	SYNONYM=	PROPERTY=	ALTLABEL=osteogenesis
osteoinductive	LABEL=AssociatedBiologicalProcess	PATH=['AssociatedBiologicalProcess']	SYNONYM=	PROPERTY=osteoinductivity	ALTLABEL=osteoinduction
perforated	LABEL=MaterialProcessing	PATH=['MaterialProcessing']	SYNONYM=	PROPERTY=	ALTLABEL=perforation
photocrosslinked	LABEL=MaterialProcessing	PATH=['Crosslinking', 'MaterialProcessing']	SYNONYM=	PROPERTY=	ALTLABEL=photocrosslinking
plasmatreated	LABEL=MaterialProcessing	PATH=['MaterialProcessing']	SYNONYM=	PROPERTY=	ALTLABEL=plasma treatment
polished	LABEL=MaterialProcessing	PATH=['MaterialProcessing']	SYNONYM=	PROPERTY=	ALTLABEL=polishing
polymeric	LABEL=BiomaterialType	PATH=['BiomaterialType']	SYNONYM=	PROPERTY=polymers	ALTLABEL=polymer
polymerized	LABEL=MaterialProcessing	PATH=['MaterialProcessing']	SYNONYM=	PROPERTY=	ALTLABEL=polymerization
powdered	LABEL=Structure	PATH=['Structure']	SYNONYM=	PROPERTY=	ALTLABEL=powder
precoated	LABEL=MaterialProcessing	PATH=['Coating', 'MaterialProcessing']	SYNONYM=	PROPERTY=	ALTLABEL=precoating
preconditioned	LABEL=MaterialProcessing	PATH=['MaterialProcessing']	SYNONYM=	PROPERTY=	ALTLABEL=preconditioning
radialcompressionstrength	LABEL=ManufacturedObjectFeatures	PATH=['MechanicalProperty', 'ManufacturedObjectFeatures']	SYNONYM=	PROPERTY=	ALTLABEL=radial compressive strength
reinforced	LABEL=MaterialProcessing	PATH=['MaterialProcessing']	SYNONYM=	PROPERTY=	ALTLABEL=reinforcement
resorbable	LABEL=DegradationFeatures	PATH=['DegradationFeatures']	SYNONYM=	PROPERTY=	ALTLABEL=resorption
roughened	LABEL=MaterialProcessing	PATH=['MaterialProcessing']	SYNONYM=	PROPERTY=	ALTLABEL=roughening
sandblasted	LABEL=MaterialProcessing	PATH=['MaterialProcessing']	SYNONYM=	PROPERTY=	ALTLABEL=sandblasting
sintered	LABEL=MaterialProcessing	PATH=['MaterialProcessing']	SYNONYM=	PROPERTY=	ALTLABEL=sintering
spongy	LABEL=Structure	PATH=['Structure']	SYNONYM=	PROPERTY=	ALTLABEL=sponge
toxic	LABEL=AdverseEffects	PATH=['AdverseEffects']	SYNONYM=	PROPERTY=	ALTLABEL=toxicity
woven	LABEL=MaterialProcessing	PATH=['MaterialProcessing']	SYNONYM=	PROPERTY=	ALTLABEL=weaving
bioprinted	LABEL=MaterialProcessing	PATH=['Printing', 'MaterialProcessing']	SYNONYM=	PROPERTY=	ALTLABEL=bioprinting
3dprinted	LABEL=MaterialProcessing	PATH=['Printing', 'MaterialProcessing']	SYNONYM=	PROPERTY=	ALTLABEL=3d printing
