Nuclear magnetic resonance spectroscopy	LABEL=ResearchTechnique
Spectroscopy	LABEL=ResearchTechnique
Electron microscopy	LABEL=ResearchTechnique
Microscopy	LABEL=ResearchTechnique
Imaging	LABEL=ResearchTechnique
Light microscopy	LABEL=ResearchTechnique
Magnetic resonance imaging	LABEL=ResearchTechnique
Tomography	LABEL=ResearchTechnique
Fluorescence microscopy	LABEL=ResearchTechnique
High-content analysis	LABEL=ResearchTechnique
Light-sheet microscopy	LABEL=ResearchTechnique
Point-scanning microscopy	LABEL=ResearchTechnique
Array-based detection microscopy	LABEL=ResearchTechnique
Super-resolution microscopy	LABEL=ResearchTechnique
Widefield fluorescence microscopy	LABEL=ResearchTechnique
Cryofixation	LABEL=ResearchTechnique
Sample immobilisation	LABEL=ResearchTechnique
Transmission electron microscopy	LABEL=ResearchTechnique
In-vitro imaging	LABEL=ResearchTechnique
Live sample imaging	LABEL=ResearchTechnique
Dark-field microscopy	LABEL=ResearchTechnique
Transmission light microscopy	LABEL=ResearchTechnique
Correlative light and electron microscopy	LABEL=ResearchTechnique
Multimodal imaging	LABEL=ResearchTechnique
In-vivo imaging	LABEL=ResearchTechnique
Polarized light microscopy	LABEL=ResearchTechnique
Single molecule localisation microscopy	LABEL=ResearchTechnique
Confocal microscopy	LABEL=ResearchTechnique
Electron tomography	LABEL=ResearchTechnique
Critical-point drying	LABEL=ResearchTechnique
Sample preparation	LABEL=ResearchTechnique
Photoacoustic tomography	LABEL=ResearchTechnique
Focused ion beam scanning electron microscopy	LABEL=ResearchTechnique
Scanning electron microscopy	LABEL=ResearchTechnique
Ex-vivo imaging	LABEL=ResearchTechnique
Ultrasonography	LABEL=ResearchTechnique
Multi-photon microscopy	LABEL=ResearchTechnique
Non-linear microscopy	LABEL=ResearchTechnique
Scanning electron cryomicroscopy	LABEL=ResearchTechnique
Cryo electron microscopy	LABEL=ResearchTechnique
Fixed sample imaging	LABEL=ResearchTechnique
Single-photon emission computed tomography	LABEL=ResearchTechnique
Serial block-face scanning electron microscopy	LABEL=ResearchTechnique
Structured illumination microscopy	LABEL=ResearchTechnique
Electron cryotomography	LABEL=ResearchTechnique
Bright-field microscopy	LABEL=ResearchTechnique
Positron emission tomography	LABEL=ResearchTechnique
Medical imaging	LABEL=ResearchTechnique
Bioluminescence imaging	LABEL=ResearchTechnique
Stimulated emission depletion microscopy	LABEL=ResearchTechnique
Plunge freezing	LABEL=ResearchTechnique
DIC microscopy	LABEL=ResearchTechnique
Scanning transmission electron microscopy	LABEL=ResearchTechnique
Freeze fracturing	LABEL=ResearchTechnique
High-pressure freezing	LABEL=ResearchTechnique
Confocal fluorescence microscopy	LABEL=ResearchTechnique
Phase-contrast microscopy	LABEL=ResearchTechnique
Computed tomography	LABEL=ResearchTechnique
Fluctuation based microscopy	LABEL=ResearchTechnique
Fluorescence correlation spectroscopy	LABEL=ResearchTechnique
Fluorescence lifetime imaging microscopy	LABEL=ResearchTechnique
Fluorescence recovery after photobleaching	LABEL=ResearchTechnique
Photomanipulation	LABEL=ResearchTechnique
Förster resonance energy transfer	LABEL=ResearchTechnique
Image correlation spectroscopy	LABEL=ResearchTechnique
Array tomography	LABEL=ResearchTechnique
Atomic force microscopy	LABEL=ResearchTechnique
Force microscopy	LABEL=ResearchTechnique
Expansion microscopy	LABEL=ResearchTechnique
Localisation markers	LABEL=ResearchTechnique
Interferometric microscopy	LABEL=ResearchTechnique
Intravital imaging	LABEL=ResearchTechnique
Light field microscopy	LABEL=ResearchTechnique
Mass spectrometry imaging	LABEL=ResearchTechnique
Optical sectioning tomography	LABEL=ResearchTechnique
Near-field scanning optical microscopy	LABEL=ResearchTechnique
Near-infrared branding	LABEL=ResearchTechnique
Photonic force microscopy	LABEL=ResearchTechnique
Raman imaging	LABEL=ResearchTechnique
Second-harmonic imaging microscopy	LABEL=ResearchTechnique
Soft X-ray tomography	LABEL=ResearchTechnique
X-ray imaging	LABEL=ResearchTechnique
Total internal reflection fluorescence microscopy	LABEL=ResearchTechnique
Traction force microscopy	LABEL=ResearchTechnique
X-ray microscopy	LABEL=ResearchTechnique
Ablation	LABEL=ResearchTechnique
Sample thinning	LABEL=ResearchTechnique
Airyscan	LABEL=ResearchTechnique
Image scanning microscopy	LABEL=ResearchTechnique
Blotting	LABEL=ResearchTechnique
Chemical fixation	LABEL=ResearchTechnique
X-ray microtomography	LABEL=ResearchTechnique
Contrasting method	LABEL=ResearchTechnique
Deconvolution widefield microscopy	LABEL=ResearchTechnique
Fluorescence	LABEL=ResearchTechnique
Fourier-transform infrared spectroscopy	LABEL=ResearchTechnique
Imaging flow cytometry	LABEL=ResearchTechnique
Laser microdissection	LABEL=ResearchTechnique
Microtomy	LABEL=ResearchTechnique
Molecular imaging	LABEL=ResearchTechnique
Optical coherence tomography	LABEL=ResearchTechnique
Optical projection tomography	LABEL=ResearchTechnique
Phase-contrast X-ray imaging	LABEL=ResearchTechnique
Phase imaging	LABEL=ResearchTechnique
Photoablation	LABEL=ResearchTechnique
Photoactivation	LABEL=ResearchTechnique
Quantitative phase imaging	LABEL=ResearchTechnique
Ratiometric imaging	LABEL=ResearchTechnique
Re-scan confocal microscopy	LABEL=ResearchTechnique
Sample clearing	LABEL=ResearchTechnique
Sample embedding	LABEL=ResearchTechnique
Adaptive microscopy	LABEL=ResearchTechnique
Single particle cryo-electron microscopy	LABEL=ResearchTechnique
Sample staining	LABEL=ResearchTechnique
Stereoscopy	LABEL=ResearchTechnique
Unstained sample	LABEL=ResearchTechnique
