Nuclear magnetic resonance spectroscopy	LABEL=ResearchTechnique	ID=EDAM-bioimaging_alpha06.topic_0593
Spectroscopy	LABEL=ResearchTechnique	ID=EDAM-bioimaging_alpha06.topic__RBfI2XgIsxcfKonPPluKAhK
Electron microscopy	LABEL=ResearchTechnique	ID=EDAM-bioimaging_alpha06.topic_0611
Microscopy	LABEL=ResearchTechnique	ID=EDAM-bioimaging_alpha06.topic_Microscopy
Imaging	LABEL=ResearchTechnique	ID=EDAM-bioimaging_alpha06.topic_3382
Light microscopy	LABEL=ResearchTechnique	ID=EDAM-bioimaging_alpha06.topic_3385
Magnetic resonance imaging	LABEL=ResearchTechnique	ID=EDAM-bioimaging_alpha06.topic_3444
Tomography	LABEL=ResearchTechnique	ID=EDAM-bioimaging_alpha06.topic_3452
Fluorescence microscopy	LABEL=ResearchTechnique	ID=EDAM-bioimaging_alpha06.topic_Fluorescent_microscopy
High-content analysis	LABEL=ResearchTechnique	ID=EDAM-bioimaging_alpha06.topic_High_content_screening
Light-sheet microscopy	LABEL=ResearchTechnique	ID=EDAM-bioimaging_alpha06.topic_Light-sheet_microscopy
Point-scanning microscopy	LABEL=ResearchTechnique	ID=EDAM-bioimaging_alpha06.topic__R7Vn7GbwtqVvGWNAMGdcNW1
Array-based detection microscopy	LABEL=ResearchTechnique	ID=EDAM-bioimaging_alpha06.topic__RBsSZve5PnQFO3scMDWo9f0
Super-resolution microscopy	LABEL=ResearchTechnique	ID=EDAM-bioimaging_alpha06.topic_Super-resolution_microscopy
Widefield fluorescence microscopy	LABEL=ResearchTechnique	ID=EDAM-bioimaging_alpha06.topic_Widefield_microscopy
Cryofixation	LABEL=ResearchTechnique	ID=EDAM-bioimaging_alpha06.topic__R77vfEkRqjIenYUqhDPvdkM
Sample immobilisation	LABEL=ResearchTechnique	ID=EDAM-bioimaging_alpha06.topic______Sample_fixation
Transmission electron microscopy	LABEL=ResearchTechnique	ID=EDAM-bioimaging_alpha06.topic__R7LElbFkBgKS401YKsVtNck
In-vitro imaging	LABEL=ResearchTechnique	ID=EDAM-bioimaging_alpha06.topic__R7WRbf9Y8ySw9QWPwAjzcUa
Live sample imaging	LABEL=ResearchTechnique	ID=EDAM-bioimaging_alpha06.topic__RL4rPCXlIu9uzNrGcbcSNp
Dark-field microscopy	LABEL=ResearchTechnique	ID=EDAM-bioimaging_alpha06.topic__R89wYXZ2735GXdn4m4GOT9n
Transmission light microscopy	LABEL=ResearchTechnique	ID=EDAM-bioimaging_alpha06.topic__R9P5gEAm1wic4R2PcZ7ZpPA
Correlative light and electron microscopy	LABEL=ResearchTechnique	ID=EDAM-bioimaging_alpha06.topic__R8Ss4wIFt90wZ1yjFLfXyPM
Multimodal imaging	LABEL=ResearchTechnique	ID=EDAM-bioimaging_alpha06.topic____Multimodal_imaging
In-vivo imaging	LABEL=ResearchTechnique	ID=EDAM-bioimaging_alpha06.topic__R8XUtD89JCyeUaaVebe9Mkw
Polarized light microscopy	LABEL=ResearchTechnique	ID=EDAM-bioimaging_alpha06.topic__R8nlu8VCuL5nvBFgOaGNHgT
Single molecule localisation microscopy	LABEL=ResearchTechnique	ID=EDAM-bioimaging_alpha06.topic__R8oQpUEjKZjNQCTB4x3JQuJ
Confocal microscopy	LABEL=ResearchTechnique	ID=EDAM-bioimaging_alpha06.topic__R9Cmje2ZUXyDW6aQAvFhwSM
Electron tomography	LABEL=ResearchTechnique	ID=EDAM-bioimaging_alpha06.topic__R9O3HmIAjoN5IqXXXRukzzr
Critical-point drying	LABEL=ResearchTechnique	ID=EDAM-bioimaging_alpha06.topic__R9PtYz3fOHhRsnKnQzFIXff
Sample preparation	LABEL=ResearchTechnique	ID=EDAM-bioimaging_alpha06.topic__ReQzVVVh0IPyN0c1V5wQVO
Photoacoustic tomography	LABEL=ResearchTechnique	ID=EDAM-bioimaging_alpha06.topic__R9WwNqEL8rvkyBPk7GkDTYh
Focused ion beam scanning electron microscopy	LABEL=ResearchTechnique	ID=EDAM-bioimaging_alpha06.topic__R9zg34pnGmTyzPidJj9vfJt
Scanning electron microscopy	LABEL=ResearchTechnique	ID=EDAM-bioimaging_alpha06.topic__RBZsLMTdyuEDtVe2fge61l0
Ex-vivo imaging	LABEL=ResearchTechnique	ID=EDAM-bioimaging_alpha06.topic__RB4unXFUWvdBe91ihVAA9rR
Ultrasonography	LABEL=ResearchTechnique	ID=EDAM-bioimaging_alpha06.topic__RBHw300pzIYcttGsAmIZvk5
Multi-photon microscopy	LABEL=ResearchTechnique	ID=EDAM-bioimaging_alpha06.topic__RBKlmE9DGTZwEwxw0juThGg
Non-linear microscopy	LABEL=ResearchTechnique	ID=EDAM-bioimaging_alpha06.topic_____Non-linear_microscopy
Scanning electron cryomicroscopy	LABEL=ResearchTechnique	ID=EDAM-bioimaging_alpha06.topic__RBNfUSYBOKUapWrsyPMMTkw
Cryo electron microscopy	LABEL=ResearchTechnique	ID=EDAM-bioimaging_alpha06.topic______Cryo_electron_microscopy
Fixed sample imaging	LABEL=ResearchTechnique	ID=EDAM-bioimaging_alpha06.topic__RBNoPZIOvBhdWGe8mFNpoWQ
Single-photon emission computed tomography	LABEL=ResearchTechnique	ID=EDAM-bioimaging_alpha06.topic__RBkRgSi7js0c70kjiPgYTgR
Serial block-face scanning electron microscopy	LABEL=ResearchTechnique	ID=EDAM-bioimaging_alpha06.topic__RByvmgDpAo4FOrMdvTm1gwR
Structured illumination microscopy	LABEL=ResearchTechnique	ID=EDAM-bioimaging_alpha06.topic__RC91JqkkQnsmvg8zuG6Td7q
Electron cryotomography	LABEL=ResearchTechnique	ID=EDAM-bioimaging_alpha06.topic__RDCjx86atJP685sX1zrE2ia
Bright-field microscopy	LABEL=ResearchTechnique	ID=EDAM-bioimaging_alpha06.topic__RDdX0TswBVhmWiS1dI3pghN
Positron emission tomography	LABEL=ResearchTechnique	ID=EDAM-bioimaging_alpha06.topic__RDos3h5yRfjhLUcOImDOFgB
Medical imaging	LABEL=ResearchTechnique	ID=EDAM-bioimaging_alpha06.topic______Medical_imaging
Bioluminescence imaging	LABEL=ResearchTechnique	ID=EDAM-bioimaging_alpha06.topic__RDvZSyRAcr8fonKvKdVoXw2
Stimulated emission depletion microscopy	LABEL=ResearchTechnique	ID=EDAM-bioimaging_alpha06.topic__RMCSMqSNvOTurvW2FV8tjN
Plunge freezing	LABEL=ResearchTechnique	ID=EDAM-bioimaging_alpha06.topic__RMctC69gGv9qYqwKCXxeLF
DIC microscopy	LABEL=ResearchTechnique	ID=EDAM-bioimaging_alpha06.topic__RNFOzq5E0ZVBh5Euhn06rn
Scanning transmission electron microscopy	LABEL=ResearchTechnique	ID=EDAM-bioimaging_alpha06.topic__RXLeVr0cHSXzTSRyO5zwZD
Freeze fracturing	LABEL=ResearchTechnique	ID=EDAM-bioimaging_alpha06.topic__RbM6PZFI9i5lG4gzAySn0c
High-pressure freezing	LABEL=ResearchTechnique	ID=EDAM-bioimaging_alpha06.topic__RkSYwMcVWG5FCi4BaWDMaJ
Confocal fluorescence microscopy	LABEL=ResearchTechnique	ID=EDAM-bioimaging_alpha06.topic__Rn8MnorStmqIkNlAVZWBc0
Phase-contrast microscopy	LABEL=ResearchTechnique	ID=EDAM-bioimaging_alpha06.topic__RtBCcu7zJiS0phrbR2HzAI
Computed tomography	LABEL=ResearchTechnique	ID=EDAM-bioimaging_alpha06.topic__RxfmHE99gOkUOOML5krfsJ
Fluctuation based microscopy	LABEL=ResearchTechnique	ID=EDAM-bioimaging_alpha06.topic___Fluctuation_based_microscopy
Fluorescence correlation spectroscopy	LABEL=ResearchTechnique	ID=EDAM-bioimaging_alpha06.topic___Fluorescence_correlative_spectroscopy
Fluorescence lifetime imaging microscopy	LABEL=ResearchTechnique	ID=EDAM-bioimaging_alpha06.topic___Fluorescence_lifetime_imaging
Fluorescence recovery after photobleaching	LABEL=ResearchTechnique	ID=EDAM-bioimaging_alpha06.topic___Fluorescence_recovery_after_photobleaching
Photomanipulation	LABEL=ResearchTechnique	ID=EDAM-bioimaging_alpha06.topic______Photomanipulation
Förster resonance energy transfer	LABEL=ResearchTechnique	ID=EDAM-bioimaging_alpha06.topic___Foerster_resonance_energy_transfer
Image correlation spectroscopy	LABEL=ResearchTechnique	ID=EDAM-bioimaging_alpha06.topic___Image_correlation_spectroscopy
Array tomography	LABEL=ResearchTechnique	ID=EDAM-bioimaging_alpha06.topic_____Array_tomography
Atomic force microscopy	LABEL=ResearchTechnique	ID=EDAM-bioimaging_alpha06.topic_____Atomic_force_microscopy
Force microscopy	LABEL=ResearchTechnique	ID=EDAM-bioimaging_alpha06.topic_____Force_microscopy
Expansion microscopy	LABEL=ResearchTechnique	ID=EDAM-bioimaging_alpha06.topic_____Expansion_microscopy
Localisation markers	LABEL=ResearchTechnique	ID=EDAM-bioimaging_alpha06.topic_____Fiducial_markers
Interferometric microscopy	LABEL=ResearchTechnique	ID=EDAM-bioimaging_alpha06.topic_____Interferometric_microscopy
Intravital imaging	LABEL=ResearchTechnique	ID=EDAM-bioimaging_alpha06.topic_____Intravital_imaging
Light field microscopy	LABEL=ResearchTechnique	ID=EDAM-bioimaging_alpha06.topic_____Light_field_microscopy
Mass spectrometry imaging	LABEL=ResearchTechnique	ID=EDAM-bioimaging_alpha06.topic_____Mass_spectrometry_imaging
Optical sectioning tomography	LABEL=ResearchTechnique	ID=EDAM-bioimaging_alpha06.topic_____Micro-optical_sectioning_tomography
Near-field scanning optical microscopy	LABEL=ResearchTechnique	ID=EDAM-bioimaging_alpha06.topic_____Near-field_scanning_optical_microscopy
Near-infrared branding	LABEL=ResearchTechnique	ID=EDAM-bioimaging_alpha06.topic_____Near-infrared_branding
Photonic force microscopy	LABEL=ResearchTechnique	ID=EDAM-bioimaging_alpha06.topic_____Photon_force_microscopy
Raman imaging	LABEL=ResearchTechnique	ID=EDAM-bioimaging_alpha06.topic_____Raman_imaging
Second-harmonic imaging microscopy	LABEL=ResearchTechnique	ID=EDAM-bioimaging_alpha06.topic_____Second-harmonic_imaging_microscopy
Soft X-ray tomography	LABEL=ResearchTechnique	ID=EDAM-bioimaging_alpha06.topic_____Soft_x-ray_tomography
X-ray imaging	LABEL=ResearchTechnique	ID=EDAM-bioimaging_alpha06.topic______X_ray_imaging
Total internal reflection fluorescence microscopy	LABEL=ResearchTechnique	ID=EDAM-bioimaging_alpha06.topic_____Total_internal_reflection_fluorescence_microscopy
Traction force microscopy	LABEL=ResearchTechnique	ID=EDAM-bioimaging_alpha06.topic_____Traction_force_microscopy
X-ray microscopy	LABEL=ResearchTechnique	ID=EDAM-bioimaging_alpha06.topic_____X-ray_microscopy
Ablation	LABEL=ResearchTechnique	ID=EDAM-bioimaging_alpha06.topic______Ablation
Sample thinning	LABEL=ResearchTechnique	ID=EDAM-bioimaging_alpha06.topic______Sample_thinning
Airyscan	LABEL=ResearchTechnique	ID=EDAM-bioimaging_alpha06.topic______Airyscan
Image scanning microscopy	LABEL=ResearchTechnique	ID=EDAM-bioimaging_alpha06.topic______Image_Scanning_Microscopy
Blotting	LABEL=ResearchTechnique	ID=EDAM-bioimaging_alpha06.topic______Blotting
Chemical fixation	LABEL=ResearchTechnique	ID=EDAM-bioimaging_alpha06.topic______Chemical_fixation
X-ray microtomography	LABEL=ResearchTechnique	ID=EDAM-bioimaging_alpha06.topic______Computed_microtomography
Contrasting method	LABEL=ResearchTechnique	ID=EDAM-bioimaging_alpha06.topic______Contrasting
Deconvolution widefield microscopy	LABEL=ResearchTechnique	ID=EDAM-bioimaging_alpha06.topic______Deconvolution_widefield_microscopy
Fluorescence	LABEL=ResearchTechnique	ID=EDAM-bioimaging_alpha06.topic______Fluorescence
Fourier-transform infrared spectroscopy	LABEL=ResearchTechnique	ID=EDAM-bioimaging_alpha06.topic______Fourier-transform_infrared_spectroscopy
Imaging flow cytometry	LABEL=ResearchTechnique	ID=EDAM-bioimaging_alpha06.topic______Imaging_flow_cytometry
Laser microdissection	LABEL=ResearchTechnique	ID=EDAM-bioimaging_alpha06.topic______Laser_microdissection
Microtomy	LABEL=ResearchTechnique	ID=EDAM-bioimaging_alpha06.topic______Microtomy
Molecular imaging	LABEL=ResearchTechnique	ID=EDAM-bioimaging_alpha06.topic______Molecular_Imaging
Optical coherence tomography	LABEL=ResearchTechnique	ID=EDAM-bioimaging_alpha06.topic______Optical_Coherence_Tomography
Optical projection tomography	LABEL=ResearchTechnique	ID=EDAM-bioimaging_alpha06.topic______Optical_Projection_Tomography
Phase-contrast X-ray imaging	LABEL=ResearchTechnique	ID=EDAM-bioimaging_alpha06.topic______Phase_Contrast_X-Ray_Imaging
Phase imaging	LABEL=ResearchTechnique	ID=EDAM-bioimaging_alpha06.topic______Phase_imaging
Photoablation	LABEL=ResearchTechnique	ID=EDAM-bioimaging_alpha06.topic______Photoablation
Photoactivation	LABEL=ResearchTechnique	ID=EDAM-bioimaging_alpha06.topic______Photoactivation
Quantitative phase imaging	LABEL=ResearchTechnique	ID=EDAM-bioimaging_alpha06.topic______Quantitative_phase_imaging
Ratiometric imaging	LABEL=ResearchTechnique	ID=EDAM-bioimaging_alpha06.topic______Ratiometric_imaging
Re-scan confocal microscopy	LABEL=ResearchTechnique	ID=EDAM-bioimaging_alpha06.topic______Re-scan_confocal_microscopy
Sample clearing	LABEL=ResearchTechnique	ID=EDAM-bioimaging_alpha06.topic______Sample_clearing
Sample embedding	LABEL=ResearchTechnique	ID=EDAM-bioimaging_alpha06.topic______Sample_embedding
Adaptive microscopy	LABEL=ResearchTechnique	ID=EDAM-bioimaging_alpha06.topic______Self-adjusting_microscopy
Single particle cryo-electron microscopy	LABEL=ResearchTechnique	ID=EDAM-bioimaging_alpha06.topic______Single_Particle_Cryo-Electron_microscopy
Sample staining	LABEL=ResearchTechnique	ID=EDAM-bioimaging_alpha06.topic______Staining
Stereoscopy	LABEL=ResearchTechnique	ID=EDAM-bioimaging_alpha06.topic______Stereoscopy
Unstained sample	LABEL=ResearchTechnique	ID=EDAM-bioimaging_alpha06.topic______Unstained_sample
NMR	LABEL=ResearchTechnique	ID=EDAM-bioimaging_alpha06.topic_0593	PrefSynonym=Nuclear magnetic resonance spectroscopy
EM	LABEL=ResearchTechnique	ID=EDAM-bioimaging_alpha06.topic_0611	PrefSynonym=Electron microscopy
Optical microscopy	LABEL=ResearchTechnique	ID=EDAM-bioimaging_alpha06.topic_3385	PrefSynonym=Light microscopy
MRI	LABEL=ResearchTechnique	ID=EDAM-bioimaging_alpha06.topic_3444	PrefSynonym=Magnetic resonance imaging
HCA	LABEL=ResearchTechnique	ID=EDAM-bioimaging_alpha06.topic_High_content_screening	PrefSynonym=High-content analysis
High-content imaging	LABEL=ResearchTechnique	ID=EDAM-bioimaging_alpha06.topic_High_content_screening	PrefSynonym=High-content analysis
SR microscopy	LABEL=ResearchTechnique	ID=EDAM-bioimaging_alpha06.topic_Super-resolution_microscopy	PrefSynonym=Super-resolution microscopy
SRM	LABEL=ResearchTechnique	ID=EDAM-bioimaging_alpha06.topic_Super-resolution_microscopy	PrefSynonym=Super-resolution microscopy
Cryo-fixation	LABEL=ResearchTechnique	ID=EDAM-bioimaging_alpha06.topic__R77vfEkRqjIenYUqhDPvdkM	PrefSynonym=Cryofixation
Sample fixation	LABEL=ResearchTechnique	ID=EDAM-bioimaging_alpha06.topic______Sample_fixation	PrefSynonym=Sample immobilisation
Sample stabilisation	LABEL=ResearchTechnique	ID=EDAM-bioimaging_alpha06.topic______Sample_fixation	PrefSynonym=Sample immobilisation
TEM	LABEL=ResearchTechnique	ID=EDAM-bioimaging_alpha06.topic__R7LElbFkBgKS401YKsVtNck	PrefSynonym=Transmission electron microscopy
CLEM	LABEL=ResearchTechnique	ID=EDAM-bioimaging_alpha06.topic__R8Ss4wIFt90wZ1yjFLfXyPM	PrefSynonym=Correlative light and electron microscopy
Correlative light-electron microscopy	LABEL=ResearchTechnique	ID=EDAM-bioimaging_alpha06.topic__R8Ss4wIFt90wZ1yjFLfXyPM	PrefSynonym=Correlative light and electron microscopy
Multisensor imaging	LABEL=ResearchTechnique	ID=EDAM-bioimaging_alpha06.topic____Multimodal_imaging	PrefSynonym=Multimodal imaging
SMLM	LABEL=ResearchTechnique	ID=EDAM-bioimaging_alpha06.topic__R8oQpUEjKZjNQCTB4x3JQuJ	PrefSynonym=Single molecule localisation microscopy
Single molecule localization microscopy	LABEL=ResearchTechnique	ID=EDAM-bioimaging_alpha06.topic__R8oQpUEjKZjNQCTB4x3JQuJ	PrefSynonym=Single molecule localisation microscopy
Confocal laser scanning microscopy (CLSM)	LABEL=ResearchTechnique	ID=EDAM-bioimaging_alpha06.topic__R9Cmje2ZUXyDW6aQAvFhwSM	PrefSynonym=Confocal microscopy
Laser scanning confocal microscopy (LSCM)	LABEL=ResearchTechnique	ID=EDAM-bioimaging_alpha06.topic__R9Cmje2ZUXyDW6aQAvFhwSM	PrefSynonym=Confocal microscopy
CPD	LABEL=ResearchTechnique	ID=EDAM-bioimaging_alpha06.topic__R9PtYz3fOHhRsnKnQzFIXff	PrefSynonym=Critical-point drying
Supercritical drying	LABEL=ResearchTechnique	ID=EDAM-bioimaging_alpha06.topic__R9PtYz3fOHhRsnKnQzFIXff	PrefSynonym=Critical-point drying
Supercritical-point drying	LABEL=ResearchTechnique	ID=EDAM-bioimaging_alpha06.topic__R9PtYz3fOHhRsnKnQzFIXff	PrefSynonym=Critical-point drying
PAT	LABEL=ResearchTechnique	ID=EDAM-bioimaging_alpha06.topic__R9WwNqEL8rvkyBPk7GkDTYh	PrefSynonym=Photoacoustic tomography
FIB-SEM	LABEL=ResearchTechnique	ID=EDAM-bioimaging_alpha06.topic__R9zg34pnGmTyzPidJj9vfJt	PrefSynonym=Focused ion beam scanning electron microscopy
FIBSEM	LABEL=ResearchTechnique	ID=EDAM-bioimaging_alpha06.topic__R9zg34pnGmTyzPidJj9vfJt	PrefSynonym=Focused ion beam scanning electron microscopy
SEM	LABEL=ResearchTechnique	ID=EDAM-bioimaging_alpha06.topic__RBZsLMTdyuEDtVe2fge61l0	PrefSynonym=Scanning electron microscopy
Medical ultrasound	LABEL=ResearchTechnique	ID=EDAM-bioimaging_alpha06.topic__RBHw300pzIYcttGsAmIZvk5	PrefSynonym=Ultrasonography
diagnostic sonography	LABEL=ResearchTechnique	ID=EDAM-bioimaging_alpha06.topic__RBHw300pzIYcttGsAmIZvk5	PrefSynonym=Ultrasonography
Cryo-scanning electron microscopy	LABEL=ResearchTechnique	ID=EDAM-bioimaging_alpha06.topic__RBNfUSYBOKUapWrsyPMMTkw	PrefSynonym=Scanning electron cryomicroscopy
CryoSEM	LABEL=ResearchTechnique	ID=EDAM-bioimaging_alpha06.topic__RBNfUSYBOKUapWrsyPMMTkw	PrefSynonym=Scanning electron cryomicroscopy
Cryogenic scanning electron microscopy	LABEL=ResearchTechnique	ID=EDAM-bioimaging_alpha06.topic__RBNfUSYBOKUapWrsyPMMTkw	PrefSynonym=Scanning electron cryomicroscopy
SBEM	LABEL=ResearchTechnique	ID=EDAM-bioimaging_alpha06.topic__RByvmgDpAo4FOrMdvTm1gwR	PrefSynonym=Serial block-face scanning electron microscopy
SBF SEM	LABEL=ResearchTechnique	ID=EDAM-bioimaging_alpha06.topic__RByvmgDpAo4FOrMdvTm1gwR	PrefSynonym=Serial block-face scanning electron microscopy
SBFSEM	LABEL=ResearchTechnique	ID=EDAM-bioimaging_alpha06.topic__RByvmgDpAo4FOrMdvTm1gwR	PrefSynonym=Serial block-face scanning electron microscopy
SIM	LABEL=ResearchTechnique	ID=EDAM-bioimaging_alpha06.topic__RC91JqkkQnsmvg8zuG6Td7q	PrefSynonym=Structured illumination microscopy
Cryo-electron tomography	LABEL=ResearchTechnique	ID=EDAM-bioimaging_alpha06.topic__RDCjx86atJP685sX1zrE2ia	PrefSynonym=Electron cryotomography
CryoET	LABEL=ResearchTechnique	ID=EDAM-bioimaging_alpha06.topic__RDCjx86atJP685sX1zrE2ia	PrefSynonym=Electron cryotomography
BLI	LABEL=ResearchTechnique	ID=EDAM-bioimaging_alpha06.topic__RDvZSyRAcr8fonKvKdVoXw2	PrefSynonym=Bioluminescence imaging
STED	LABEL=ResearchTechnique	ID=EDAM-bioimaging_alpha06.topic__RMCSMqSNvOTurvW2FV8tjN	PrefSynonym=Stimulated emission depletion microscopy
Differential interference contrast microscopy	LABEL=ResearchTechnique	ID=EDAM-bioimaging_alpha06.topic__RNFOzq5E0ZVBh5Euhn06rn	PrefSynonym=DIC microscopy
STEM	LABEL=ResearchTechnique	ID=EDAM-bioimaging_alpha06.topic__RXLeVr0cHSXzTSRyO5zwZD	PrefSynonym=Scanning transmission electron microscopy
Freeze etching	LABEL=ResearchTechnique	ID=EDAM-bioimaging_alpha06.topic__RbM6PZFI9i5lG4gzAySn0c	PrefSynonym=Freeze fracturing
Freeze-etch	LABEL=ResearchTechnique	ID=EDAM-bioimaging_alpha06.topic__RbM6PZFI9i5lG4gzAySn0c	PrefSynonym=Freeze fracturing
Freeze-fracture	LABEL=ResearchTechnique	ID=EDAM-bioimaging_alpha06.topic__RbM6PZFI9i5lG4gzAySn0c	PrefSynonym=Freeze fracturing
CAT scan	LABEL=ResearchTechnique	ID=EDAM-bioimaging_alpha06.topic__RxfmHE99gOkUOOML5krfsJ	PrefSynonym=Computed tomography
CT	LABEL=ResearchTechnique	ID=EDAM-bioimaging_alpha06.topic__RxfmHE99gOkUOOML5krfsJ	PrefSynonym=Computed tomography
CT scan	LABEL=ResearchTechnique	ID=EDAM-bioimaging_alpha06.topic__RxfmHE99gOkUOOML5krfsJ	PrefSynonym=Computed tomography
Computerised axial tomography	LABEL=ResearchTechnique	ID=EDAM-bioimaging_alpha06.topic__RxfmHE99gOkUOOML5krfsJ	PrefSynonym=Computed tomography
FCS	LABEL=ResearchTechnique	ID=EDAM-bioimaging_alpha06.topic___Fluorescence_correlative_spectroscopy	PrefSynonym=Fluorescence correlation spectroscopy
FLIM	LABEL=ResearchTechnique	ID=EDAM-bioimaging_alpha06.topic___Fluorescence_lifetime_imaging	PrefSynonym=Fluorescence lifetime imaging microscopy
FRAP	LABEL=ResearchTechnique	ID=EDAM-bioimaging_alpha06.topic___Fluorescence_recovery_after_photobleaching	PrefSynonym=Fluorescence recovery after photobleaching
FRET	LABEL=ResearchTechnique	ID=EDAM-bioimaging_alpha06.topic___Foerster_resonance_energy_transfer	PrefSynonym=Förster resonance energy transfer
Fluorescence resonance energy transfer	LABEL=ResearchTechnique	ID=EDAM-bioimaging_alpha06.topic___Foerster_resonance_energy_transfer	PrefSynonym=Förster resonance energy transfer
ICS	LABEL=ResearchTechnique	ID=EDAM-bioimaging_alpha06.topic___Image_correlation_spectroscopy	PrefSynonym=Image correlation spectroscopy
AFM	LABEL=ResearchTechnique	ID=EDAM-bioimaging_alpha06.topic_____Atomic_force_microscopy	PrefSynonym=Atomic force microscopy
ExM	LABEL=ResearchTechnique	ID=EDAM-bioimaging_alpha06.topic_____Expansion_microscopy	PrefSynonym=Expansion microscopy
Landmarking	LABEL=ResearchTechnique	ID=EDAM-bioimaging_alpha06.topic_____Fiducial_markers	PrefSynonym=Localisation markers
Landmarks	LABEL=ResearchTechnique	ID=EDAM-bioimaging_alpha06.topic_____Fiducial_markers	PrefSynonym=Localisation markers
MSI	LABEL=ResearchTechnique	ID=EDAM-bioimaging_alpha06.topic_____Mass_spectrometry_imaging	PrefSynonym=Mass spectrometry imaging
NSOM	LABEL=ResearchTechnique	ID=EDAM-bioimaging_alpha06.topic_____Near-field_scanning_optical_microscopy	PrefSynonym=Near-field scanning optical microscopy
Scanning near-field optical microscopy (SNOM)	LABEL=ResearchTechnique	ID=EDAM-bioimaging_alpha06.topic_____Near-field_scanning_optical_microscopy	PrefSynonym=Near-field scanning optical microscopy
PFM	LABEL=ResearchTechnique	ID=EDAM-bioimaging_alpha06.topic_____Photon_force_microscopy	PrefSynonym=Photonic force microscopy
SHIM	LABEL=ResearchTechnique	ID=EDAM-bioimaging_alpha06.topic_____Second-harmonic_imaging_microscopy	PrefSynonym=Second-harmonic imaging microscopy
Second harmonic generation (SHG)	LABEL=ResearchTechnique	ID=EDAM-bioimaging_alpha06.topic_____Second-harmonic_imaging_microscopy	PrefSynonym=Second-harmonic imaging microscopy
SXT	LABEL=ResearchTechnique	ID=EDAM-bioimaging_alpha06.topic_____Soft_x-ray_tomography	PrefSynonym=Soft X-ray tomography
TIRF	LABEL=ResearchTechnique	ID=EDAM-bioimaging_alpha06.topic_____Total_internal_reflection_fluorescence_microscopy	PrefSynonym=Total internal reflection fluorescence microscopy
TIRFM	LABEL=ResearchTechnique	ID=EDAM-bioimaging_alpha06.topic_____Total_internal_reflection_fluorescence_microscopy	PrefSynonym=Total internal reflection fluorescence microscopy
ISM	LABEL=ResearchTechnique	ID=EDAM-bioimaging_alpha06.topic______Image_Scanning_Microscopy	PrefSynonym=Image scanning microscopy
Computed microtomography	LABEL=ResearchTechnique	ID=EDAM-bioimaging_alpha06.topic______Computed_microtomography	PrefSynonym=X-ray microtomography
High-resolution micro-CT	LABEL=ResearchTechnique	ID=EDAM-bioimaging_alpha06.topic______Computed_microtomography	PrefSynonym=X-ray microtomography
Micro computed tomography	LABEL=ResearchTechnique	ID=EDAM-bioimaging_alpha06.topic______Computed_microtomography	PrefSynonym=X-ray microtomography
Micro-computed tomography	LABEL=ResearchTechnique	ID=EDAM-bioimaging_alpha06.topic______Computed_microtomography	PrefSynonym=X-ray microtomography
micro CT	LABEL=ResearchTechnique	ID=EDAM-bioimaging_alpha06.topic______Computed_microtomography	PrefSynonym=X-ray microtomography
micro-CT	LABEL=ResearchTechnique	ID=EDAM-bioimaging_alpha06.topic______Computed_microtomography	PrefSynonym=X-ray microtomography
µCT	LABEL=ResearchTechnique	ID=EDAM-bioimaging_alpha06.topic______Computed_microtomography	PrefSynonym=X-ray microtomography
FTIR	LABEL=ResearchTechnique	ID=EDAM-bioimaging_alpha06.topic______Fourier-transform_infrared_spectroscopy	PrefSynonym=Fourier-transform infrared spectroscopy
IFC	LABEL=ResearchTechnique	ID=EDAM-bioimaging_alpha06.topic______Imaging_flow_cytometry	PrefSynonym=Imaging flow cytometry
OCT	LABEL=ResearchTechnique	ID=EDAM-bioimaging_alpha06.topic______Optical_Coherence_Tomography	PrefSynonym=Optical coherence tomography
OPT	LABEL=ResearchTechnique	ID=EDAM-bioimaging_alpha06.topic______Optical_Projection_Tomography	PrefSynonym=Optical projection tomography
Optical tomography	LABEL=ResearchTechnique	ID=EDAM-bioimaging_alpha06.topic______Optical_Projection_Tomography	PrefSynonym=Optical projection tomography
PCI	LABEL=ResearchTechnique	ID=EDAM-bioimaging_alpha06.topic______Phase_Contrast_X-Ray_Imaging	PrefSynonym=Phase-contrast X-ray imaging
RCM	LABEL=ResearchTechnique	ID=EDAM-bioimaging_alpha06.topic______Re-scan_confocal_microscopy	PrefSynonym=Re-scan confocal microscopy
Rescan	LABEL=ResearchTechnique	ID=EDAM-bioimaging_alpha06.topic______Re-scan_confocal_microscopy	PrefSynonym=Re-scan confocal microscopy
Label-free sample	LABEL=ResearchTechnique	ID=EDAM-bioimaging_alpha06.topic______Unstained_sample	PrefSynonym=Unstained sample
