instrument	LABEL=ResearchTechnique	ID=npo-2011-12-08_inferred.NPO_1436
microscope	LABEL=ResearchTechnique	ID=npo-2011-12-08_inferred.NPO_1437
electron microscope	LABEL=ResearchTechnique	ID=npo-2011-12-08_inferred.NPO_1438
scanning electron microscope	LABEL=ResearchTechnique	ID=npo-2011-12-08_inferred.NPO_1440
transmission electron microscope	LABEL=ResearchTechnique	ID=npo-2011-12-08_inferred.NPO_1441
optical microscope	LABEL=ResearchTechnique	ID=npo-2011-12-08_inferred.NPO_1439
fluorescence microscope	LABEL=ResearchTechnique	ID=npo-2011-12-08_inferred.NPO_1443
scanning probe microsope	LABEL=ResearchTechnique	ID=npo-2011-12-08_inferred.NPO_1442
atomic force microscope	LABEL=ResearchTechnique	ID=npo-2011-12-08_inferred.NPO_1445
scanning tunneling microscope	LABEL=ResearchTechnique	ID=npo-2011-12-08_inferred.NPO_1446
magnetic force microscope	LABEL=ResearchTechnique	ID=npo-2011-12-08_inferred.NPO_1447
high resolution transmission electron microscope	LABEL=ResearchTechnique	ID=npo-2011-12-08_inferred.NPO_1452
scanning transmission electron microscope	LABEL=ResearchTechnique	ID=npo-2011-12-08_inferred.NPO_1453
differential interference contrast microscope	LABEL=ResearchTechnique	ID=npo-2011-12-08_inferred.NPO_1455
flow cytometer	LABEL=ResearchTechnique	ID=npo-2011-12-08_inferred.NPO_1769
coagulometer	LABEL=ResearchTechnique	ID=npo-2011-12-08_inferred.NPO_1997
cell-based assay	LABEL=ResearchTechnique	ID=npo-2011-12-08_inferred.NPO_1706
cytoxicity assay	LABEL=ResearchTechnique	ID=npo-2011-12-08_inferred.NPO_1707
cell viability assay	LABEL=ResearchTechnique	ID=npo-2011-12-08_inferred.NPO_1708
LDH release assay	LABEL=ResearchTechnique	ID=npo-2011-12-08_inferred.NPO_1709
hemocytometer	LABEL=ResearchTechnique	ID=npo-2011-12-08_inferred.NPO_1765
dynamic light scattering instrument	LABEL=ResearchTechnique	ID=npo-2011-12-08_inferred.NPO_1766
phase analysis light scattering instrument	LABEL=ResearchTechnique	ID=npo-2011-12-08_inferred.NPO_1767
environmental transmission electron microscope	LABEL=ResearchTechnique	ID=npo-2011-12-08_inferred.NPO_1768
analytical balance	LABEL=ResearchTechnique	ID=npo-2011-12-08_inferred.NPO_1770
coulter counter	LABEL=ResearchTechnique	ID=npo-2011-12-08_inferred.NPO_1771
photometer	LABEL=ResearchTechnique	ID=npo-2011-12-08_inferred.NPO_1772
spectrophotometer	LABEL=ResearchTechnique	ID=npo-2011-12-08_inferred.NPO_1773
X-ray photoelectron spectrometer	LABEL=ResearchTechnique	ID=npo-2011-12-08_inferred.NPO_1774
zeta potential analyzer	LABEL=ResearchTechnique	ID=npo-2011-12-08_inferred.NPO_1775
capillary electrophoresis instrument	LABEL=ResearchTechnique	ID=npo-2011-12-08_inferred.NPO_1776
energy dispersive spectrometer	LABEL=ResearchTechnique	ID=npo-2011-12-08_inferred.NPO_1777
gel filtration column	LABEL=ResearchTechnique	ID=npo-2011-12-08_inferred.NPO_1778
MTT assay	LABEL=ResearchTechnique	ID=npo-2011-12-08_inferred.NPO_1911
centrifuge	LABEL=ResearchTechnique	ID=npo-2011-12-08_inferred.NPO_1999
