immunoprécipitation	LABEL=ResearchTechnique
immunology	LABEL=ResearchTechnique
CP/MS	LABEL=ResearchTechnique
coupling analysis	LABEL=ResearchTechnique
AFM	LABEL=ResearchTechnique
imagery	LABEL=ResearchTechnique
atomic absorption	LABEL=ResearchTechnique
elementary analysis	LABEL=ResearchTechnique
analyse aux rayons X	LABEL=ResearchTechnique
molecular analysis	LABEL=ResearchTechnique
bioinformatics analysis	LABEL=ResearchTechnique
data analysis	LABEL=ResearchTechnique
comparative analysis in-silico	LABEL=ResearchTechnique
tool	LABEL=ResearchTechnique
speciation analysis	LABEL=ResearchTechnique
differential proteomic analysis	LABEL=ResearchTechnique
proteomics tool	LABEL=ResearchTechnique
enzymatic analysis	LABEL=ResearchTechnique
enzymological analysis	LABEL=ResearchTechnique
histological analysis	LABEL=ResearchTechnique
histology	LABEL=ResearchTechnique
isotopic analysis	LABEL=ResearchTechnique
differential metabolic analysis	LABEL=ResearchTechnique
outil métabolomique	LABEL=ResearchTechnique
analyse par alkylation	LABEL=ResearchTechnique
outil de la biochimie	LABEL=ResearchTechnique
analysis by reverse genetics	LABEL=ResearchTechnique
outil génomique	LABEL=ResearchTechnique
proteomic analysis by fluorescence	LABEL=ResearchTechnique
analyse puces ADN	LABEL=ResearchTechnique
statistical analysis	LABEL=ResearchTechnique
metagenomic approach	LABEL=ResearchTechnique
biacore	LABEL=ResearchTechnique
bioindication	LABEL=ResearchTechnique
bioluminescence	LABEL=ResearchTechnique
biopuce	LABEL=ResearchTechnique
biorémédiation	LABEL=ResearchTechnique
rémédiation	LABEL=ResearchTechnique
CATMA	LABEL=ResearchTechnique
IC50	LABEL=ResearchTechnique
outil de la biologie cellulaire	LABEL=ResearchTechnique
CLHP-MS/MS	LABEL=ResearchTechnique
chromatographie	LABEL=ResearchTechnique
CZE	LABEL=ResearchTechnique
capillary	LABEL=ResearchTechnique
structural characterization	LABEL=ResearchTechnique
crystallography	LABEL=ResearchTechnique
chimiluminescence	LABEL=ResearchTechnique
chimiométrie	LABEL=ResearchTechnique
gas chromatography (GC)	LABEL=ResearchTechnique
liquid chromatography	LABEL=ResearchTechnique
nano-flow liquid chromatography	LABEL=ResearchTechnique
enzyme kinetics	LABEL=ResearchTechnique
cloning	LABEL=ResearchTechnique
outil génetique	LABEL=ResearchTechnique
co-immunoprécipitation	LABEL=ResearchTechnique
histological section	LABEL=ResearchTechnique
screening	LABEL=ResearchTechnique
high-throughput screening	LABEL=ResearchTechnique
in silico screening	LABEL=ResearchTechnique
screening PDB	LABEL=ResearchTechnique
two-dimensional crystallization	LABEL=ResearchTechnique
three-dimensional crystallization	LABEL=ResearchTechnique
electron crystallography	LABEL=ResearchTechnique
culture organotypique	LABEL=ResearchTechnique
flow cytometry	LABEL=ResearchTechnique
cytotoxicité	LABEL=ResearchTechnique
LD50	LABEL=ResearchTechnique
DSC	LABEL=ResearchTechnique
dégazage	LABEL=ResearchTechnique
diagnostic clinique	LABEL=ResearchTechnique
histological diagnosis	LABEL=ResearchTechnique
isotope dilution	LABEL=ResearchTechnique
dosimétrie	LABEL=ResearchTechnique
two-hybrid	LABEL=ResearchTechnique
EAO AOS	LABEL=ResearchTechnique
ES/MS	LABEL=ResearchTechnique
EXAFS	LABEL=ResearchTechnique
electrochimie	LABEL=ResearchTechnique
electrochromatography	LABEL=ResearchTechnique
electrophorèse capillaire	LABEL=ResearchTechnique
electrophorèse	LABEL=ResearchTechnique
electrophorèse 2D	LABEL=ResearchTechnique
gel electrophoresis	LABEL=ResearchTechnique
electrophysiology	LABEL=ResearchTechnique
physiology Tool	LABEL=ResearchTechnique
émission x	LABEL=ResearchTechnique
µPIXE	LABEL=ResearchTechnique
etiquetage GFP	LABEL=ResearchTechnique
etude cytogénétique	LABEL=ResearchTechnique
study of interaction	LABEL=ResearchTechnique
phenotypic study	LABEL=ResearchTechnique
phylogenetic study	LABEL=ResearchTechnique
topological study	LABEL=ResearchTechnique
functional expression	LABEL=ResearchTechnique
gene expression	LABEL=ResearchTechnique
heterologous expression	LABEL=ResearchTechnique
transient expression	LABEL=ResearchTechnique
FISH	LABEL=ResearchTechnique
FT-IR	LABEL=ResearchTechnique
filtration	LABEL=ResearchTechnique
fluorescence	LABEL=ResearchTechnique
laser fluorescence	LABEL=ResearchTechnique
fluorochrome	LABEL=ResearchTechnique
flux isotopique	LABEL=ResearchTechnique
Protein fractionation	LABEL=ResearchTechnique
GC-MS	LABEL=ResearchTechnique
GC-MS et ICP	LABEL=ResearchTechnique
gamétogenèse	LABEL=ResearchTechnique
gammamétrie	LABEL=ResearchTechnique
radiochimie	LABEL=ResearchTechnique
reverse genetics	LABEL=ResearchTechnique
H2AX (test de réparation)	LABEL=ResearchTechnique
HPLC	LABEL=ResearchTechnique
HPLC-MS	LABEL=ResearchTechnique
HPLC, capillary, nano	LABEL=ResearchTechnique
hybridization	LABEL=ResearchTechnique
hybridation génomique comparative	LABEL=ResearchTechnique
northern hybridization	LABEL=ResearchTechnique
ICP-AES	LABEL=ResearchTechnique
ICP-MS	LABEL=ResearchTechnique
ITC	LABEL=ResearchTechnique
imagerie fonctionnelle du petit animal	LABEL=ResearchTechnique
immunohistology	LABEL=ResearchTechnique
immunochimie	LABEL=ResearchTechnique
immunocytochimie	LABEL=ResearchTechnique
immunofluorescence	LABEL=ResearchTechnique
immunohistochimie	LABEL=ResearchTechnique
immunopurification	LABEL=ResearchTechnique
isotope-coded affinity tags (ICAT)	LABEL=ResearchTechnique
KRYPTOR	LABEL=ResearchTechnique
LC-MS	LABEL=ResearchTechnique
LC-MS/MS	LABEL=ResearchTechnique
LH	LABEL=ResearchTechnique
logiciel PDQuest	LABEL=ResearchTechnique
MALDI Q-TOF	LABEL=ResearchTechnique
marquage	LABEL=ResearchTechnique
marquage différentiel	LABEL=ResearchTechnique
marquage isotopique différentiel	LABEL=ResearchTechnique
mesure activité enzymatique	LABEL=ResearchTechnique
mesure de phosphorylation	LABEL=ResearchTechnique
métabolome	LABEL=ResearchTechnique
méthode des comètes	LABEL=ResearchTechnique
méthode SAGE	LABEL=ResearchTechnique
méthode SCSA	LABEL=ResearchTechnique
méthode TUNEL	LABEL=ResearchTechnique
méthylation de l’ADN	LABEL=ResearchTechnique
micro-spéciation 2D	LABEL=ResearchTechnique
micro-spéciation 3D	LABEL=ResearchTechnique
microdialysis	LABEL=ResearchTechnique
photomicrograph	LABEL=ResearchTechnique
microscopy	LABEL=ResearchTechnique
microscopie à fluorescence	LABEL=ResearchTechnique
microscopie à force atomique	LABEL=ResearchTechnique
microscopie confocale	LABEL=ResearchTechnique
microscopie électronique	LABEL=ResearchTechnique
scanning electron microscopy (SEM)	LABEL=ResearchTechnique
transmission electron microscopy (TEM)	LABEL=ResearchTechnique
microscopie ionique	LABEL=ResearchTechnique
nuclear microprobe	LABEL=ResearchTechnique
minisatellite	LABEL=ResearchTechnique
modélisation	LABEL=ResearchTechnique
modélisation par homologie	LABEL=ResearchTechnique
multifish	LABEL=ResearchTechnique
random mutagenesis and insertional	LABEL=ResearchTechnique
mutagenèse dirigée	LABEL=ResearchTechnique
nanoCL	LABEL=ResearchTechnique
northern blot	LABEL=ResearchTechnique
outil anticorps	LABEL=ResearchTechnique
outil bioinformatique	LABEL=ResearchTechnique
transcriptomics tool	LABEL=ResearchTechnique
PARP	LABEL=ResearchTechnique
PCR	LABEL=ResearchTechnique
genomic PCR	LABEL=ResearchTechnique
PFGE (test de réparation)	LABEL=ResearchTechnique
patch-clamp	LABEL=ResearchTechnique
scanner d'animal	LABEL=ResearchTechnique
phosphorescence	LABEL=ResearchTechnique
phosphorylation	LABEL=ResearchTechnique
photochimie	LABEL=ResearchTechnique
phytorémédiation	LABEL=ResearchTechnique
piégeage cryogénique	LABEL=ResearchTechnique
promotor	LABEL=ResearchTechnique
protéome	LABEL=ResearchTechnique
protéomique différentielle	LABEL=ResearchTechnique
puce ADN	LABEL=ResearchTechnique
puce à oligonucléotides	LABEL=ResearchTechnique
puce TC/COF	LABEL=ResearchTechnique
Q-RT-PCR	LABEL=ResearchTechnique
RBS	LABEL=ResearchTechnique
RNAi	LABEL=ResearchTechnique
RPE	LABEL=ResearchTechnique
RT-PCR	LABEL=ResearchTechnique
radiolysis	LABEL=ResearchTechnique
radiothérapie	LABEL=ResearchTechnique
recombinaison homologue	LABEL=ResearchTechnique
réparation Base excision repair (BER)	LABEL=ResearchTechnique
réparation nucleotide excision repair (NER)	LABEL=ResearchTechnique
Résonance Magnétique Nucléaire (RMN)	LABEL=ResearchTechnique
SILAC	LABEL=ResearchTechnique
scanner de puce ADN	LABEL=ResearchTechnique
séquençage	LABEL=ResearchTechnique
séquençage nucléotidique	LABEL=ResearchTechnique
sonde fluorescente	LABEL=ResearchTechnique
spectrofluorimétrie	LABEL=ResearchTechnique
spectrofluorimétrie laser	LABEL=ResearchTechnique
spectrofluorimétrie laser à résolution temporelle (SLRT)	LABEL=ResearchTechnique
spectrométrie de masse piège ionique (ITMS)	LABEL=ResearchTechnique
spectrométrie optique	LABEL=ResearchTechnique
spectrométrie (EDS)	LABEL=ResearchTechnique
spectrophotométrie	LABEL=ResearchTechnique
spectroscopy	LABEL=ResearchTechnique
spectroscopie d’absorption X	LABEL=ResearchTechnique
spectroscopy (NMR, UV-visible, EPR)	LABEL=ResearchTechnique
spermatogenèse	LABEL=ResearchTechnique
surexpression	LABEL=ResearchTechnique
synchrotron	LABEL=ResearchTechnique
synthèse organique	LABEL=ResearchTechnique
synthèse peptidique rationnelle	LABEL=ResearchTechnique
TILLING	LABEL=ResearchTechnique
technique DIGE	LABEL=ResearchTechnique
technique de marquage	LABEL=ResearchTechnique
technique far-western	LABEL=ResearchTechnique
technique immunologique	LABEL=ResearchTechnique
technique pull-down	LABEL=ResearchTechnique
technique séparative couplée	LABEL=ResearchTechnique
test ATP	LABEL=ResearchTechnique
test de phosphorylation	LABEL=ResearchTechnique
transcription test	LABEL=ResearchTechnique
thermoluminescence	LABEL=ResearchTechnique
tomography	LABEL=ResearchTechnique
tomographie moléculaire	LABEL=ResearchTechnique
traitement du signal	LABEL=ResearchTechnique
transcriptomics	LABEL=ResearchTechnique
transfection	LABEL=ResearchTechnique
transfert de gène	LABEL=ResearchTechnique
transgénèse	LABEL=ResearchTechnique
UV-VIS	LABEL=ResearchTechnique
ultrafiltration	LABEL=ResearchTechnique
vidéo-microscopie	LABEL=ResearchTechnique
western blotting	LABEL=ResearchTechnique
XANES	LABEL=ResearchTechnique
µRBS	LABEL=ResearchTechnique
